Archive member included to satisfy reference by file (symbol)

/usr/lib/gcc/arm-none-eabi/8.3.1/thumb/v6-m/nofp/libgcc.a(_dvmd_tls.o)
                              CMakeFiles/vga_invaders.dir/home/spiderman/Downloads/pico/pico-sdk/src/rp2_common/pico_divider/divider.S.obj (__aeabi_idiv0)
/usr/lib/gcc/arm-none-eabi/8.3.1/../../../arm-none-eabi/lib/thumb/v6-m/nofp/libc.a(lib_a-atexit.o)
                              /usr/lib/gcc/arm-none-eabi/8.3.1/../../../arm-none-eabi/lib/thumb/v6-m/nofp/crt0.o (atexit)
/usr/lib/gcc/arm-none-eabi/8.3.1/../../../arm-none-eabi/lib/thumb/v6-m/nofp/libc.a(lib_a-calloc.o)
                              CMakeFiles/vga_invaders.dir/home/spiderman/Downloads/pico/pico-sdk/src/rp2_common/pico_malloc/pico_malloc.c.obj (calloc)
/usr/lib/gcc/arm-none-eabi/8.3.1/../../../arm-none-eabi/lib/thumb/v6-m/nofp/libc.a(lib_a-callocr.o)
                              /usr/lib/gcc/arm-none-eabi/8.3.1/../../../arm-none-eabi/lib/thumb/v6-m/nofp/libc.a(lib_a-calloc.o) (_calloc_r)
/usr/lib/gcc/arm-none-eabi/8.3.1/../../../arm-none-eabi/lib/thumb/v6-m/nofp/libc.a(lib_a-fini.o)
                              /usr/lib/gcc/arm-none-eabi/8.3.1/../../../arm-none-eabi/lib/thumb/v6-m/nofp/crt0.o (__libc_fini_array)
/usr/lib/gcc/arm-none-eabi/8.3.1/../../../arm-none-eabi/lib/thumb/v6-m/nofp/libc.a(lib_a-impure.o)
                              /usr/lib/gcc/arm-none-eabi/8.3.1/../../../arm-none-eabi/lib/thumb/v6-m/nofp/libc.a(lib_a-calloc.o) (_impure_ptr)
/usr/lib/gcc/arm-none-eabi/8.3.1/../../../arm-none-eabi/lib/thumb/v6-m/nofp/libc.a(lib_a-init.o)
                              /usr/lib/gcc/arm-none-eabi/8.3.1/../../../arm-none-eabi/lib/thumb/v6-m/nofp/crt0.o (__libc_init_array)
/usr/lib/gcc/arm-none-eabi/8.3.1/../../../arm-none-eabi/lib/thumb/v6-m/nofp/libc.a(lib_a-itoa.o)
                              CMakeFiles/vga_invaders.dir/src/main.cpp.obj (itoa)
/usr/lib/gcc/arm-none-eabi/8.3.1/../../../arm-none-eabi/lib/thumb/v6-m/nofp/libc.a(lib_a-malloc.o)
                              CMakeFiles/vga_invaders.dir/home/spiderman/Downloads/pico/pico-sdk/src/rp2_common/pico_malloc/pico_malloc.c.obj (malloc)
/usr/lib/gcc/arm-none-eabi/8.3.1/../../../arm-none-eabi/lib/thumb/v6-m/nofp/libc.a(lib_a-mallocr.o)
                              /usr/lib/gcc/arm-none-eabi/8.3.1/../../../arm-none-eabi/lib/thumb/v6-m/nofp/libc.a(lib_a-callocr.o) (_malloc_r)
/usr/lib/gcc/arm-none-eabi/8.3.1/../../../arm-none-eabi/lib/thumb/v6-m/nofp/libc.a(lib_a-mlock.o)
                              /usr/lib/gcc/arm-none-eabi/8.3.1/../../../arm-none-eabi/lib/thumb/v6-m/nofp/libc.a(lib_a-mallocr.o) (__malloc_lock)
/usr/lib/gcc/arm-none-eabi/8.3.1/../../../arm-none-eabi/lib/thumb/v6-m/nofp/libc.a(lib_a-realloc.o)
                              CMakeFiles/vga_invaders.dir/home/spiderman/Downloads/pico/pico-sdk/src/rp2_common/pico_malloc/pico_malloc.c.obj (realloc)
/usr/lib/gcc/arm-none-eabi/8.3.1/../../../arm-none-eabi/lib/thumb/v6-m/nofp/libc.a(lib_a-reallocr.o)
                              /usr/lib/gcc/arm-none-eabi/8.3.1/../../../arm-none-eabi/lib/thumb/v6-m/nofp/libc.a(lib_a-realloc.o) (_realloc_r)
/usr/lib/gcc/arm-none-eabi/8.3.1/../../../arm-none-eabi/lib/thumb/v6-m/nofp/libc.a(lib_a-sbrkr.o)
                              /usr/lib/gcc/arm-none-eabi/8.3.1/../../../arm-none-eabi/lib/thumb/v6-m/nofp/libc.a(lib_a-mallocr.o) (_sbrk_r)
/usr/lib/gcc/arm-none-eabi/8.3.1/../../../arm-none-eabi/lib/thumb/v6-m/nofp/libc.a(lib_a-strlen-stub.o)
                              CMakeFiles/vga_invaders.dir/home/spiderman/Downloads/pico/pico-sdk/src/rp2_common/pico_stdio/stdio.c.obj (strlen)
/usr/lib/gcc/arm-none-eabi/8.3.1/../../../arm-none-eabi/lib/thumb/v6-m/nofp/libc.a(lib_a-utoa.o)
                              /usr/lib/gcc/arm-none-eabi/8.3.1/../../../arm-none-eabi/lib/thumb/v6-m/nofp/libc.a(lib_a-itoa.o) (__utoa)
/usr/lib/gcc/arm-none-eabi/8.3.1/../../../arm-none-eabi/lib/thumb/v6-m/nofp/libc.a(lib_a-__atexit.o)
                              /usr/lib/gcc/arm-none-eabi/8.3.1/../../../arm-none-eabi/lib/thumb/v6-m/nofp/libc.a(lib_a-atexit.o) (__register_exitproc)
/usr/lib/gcc/arm-none-eabi/8.3.1/../../../arm-none-eabi/lib/thumb/v6-m/nofp/libc.a(lib_a-freer.o)
                              /usr/lib/gcc/arm-none-eabi/8.3.1/../../../arm-none-eabi/lib/thumb/v6-m/nofp/libc.a(lib_a-malloc.o) (_free_r)
/usr/lib/gcc/arm-none-eabi/8.3.1/../../../arm-none-eabi/lib/thumb/v6-m/nofp/libc.a(lib_a-memmove.o)
                              /usr/lib/gcc/arm-none-eabi/8.3.1/../../../arm-none-eabi/lib/thumb/v6-m/nofp/libc.a(lib_a-reallocr.o) (memmove)
/usr/lib/gcc/arm-none-eabi/8.3.1/../../../arm-none-eabi/lib/thumb/v6-m/nofp/libc.a(lib_a-reent.o)
                              /usr/lib/gcc/arm-none-eabi/8.3.1/../../../arm-none-eabi/lib/thumb/v6-m/nofp/libc.a(lib_a-sbrkr.o) (errno)

Allocating common symbols
Common symbol       size              file

[...]
Memory Configuration

Name             Origin             Length             Attributes
FLASH            0x10000000         0x00200000         xr
RAM              0x20000000         0x00040000         xrw
SCRATCH_X        0x20040000         0x00001000         xrw
SCRATCH_Y        0x20041000         0x00001000         xrw
*default*        0x00000000         0xffffffff

Linker script and memory map

LOAD /usr/lib/gcc/arm-none-eabi/8.3.1/thumb/v6-m/nofp/crti.o
LOAD /usr/lib/gcc/arm-none-eabi/8.3.1/thumb/v6-m/nofp/crtbegin.o
LOAD /usr/lib/gcc/arm-none-eabi/8.3.1/../../../arm-none-eabi/lib/thumb/v6-m/nofp/crt0.o

.flash_begin    0x10000000        0x0
                0x10000000                __flash_binary_start = .

.boot2          0x10000000      0x100
                0x10000000                __boot2_start__ = .
 *(.boot2)
 .boot2         0x10000000      0x100 /tmp/ccU4yv6p.o
                0x10000100                __boot2_end__ = .
                0x00000001                ASSERT (((__boot2_end__ - __boot2_start__) == 0x100), ERROR: Pico second stage bootloader must be 256 bytes in size)

.text           0x10000100     0xe0f8
                0x10000100                __logical_binary_start = .
 *(.vectors)
 .vectors       0x10000100       0xd4 CMakeFiles/vga_invaders.dir/home/spiderman/Downloads/pico/pico-sdk/src/rp2_common/pico_standard_link/crt0.S.obj
                0x10000100                __vectors
                0x10000100                __VECTOR_TABLE
                0x100001c0                isr_invalid
                0x100001c0                __default_isrs_start
                0x100001c2                isr_nmi
                0x100001c4                isr_hardfault
                0x100001c6                isr_svcall
                0x100001c8                isr_pendsv
                0x100001ca                isr_systick
                0x100001cc                isr_irq30
                0x100001cc                __unhandled_user_irq
                0x100001cc                isr_irq13
                0x100001cc                isr_irq27
                0x100001cc                isr_irq31
                0x100001cc                isr_irq5
                0x100001cc                isr_irq11
                0x100001cc                isr_irq23
                0x100001cc                isr_irq18
                0x100001cc                isr_irq28
                0x100001cc                isr_irq19
                0x100001cc                isr_irq0
                0x100001cc                isr_irq6
                0x100001cc                isr_irq22
                0x100001cc                isr_irq17
                0x100001cc                isr_irq14
                0x100001cc                isr_irq2
                0x100001cc                isr_irq10
                0x100001cc                isr_irq8
                0x100001cc                isr_irq24
                0x100001cc                isr_irq1
                0x100001cc                isr_irq7
                0x100001cc                isr_irq21
                0x100001cc                isr_irq20
                0x100001cc                isr_irq15
                0x100001cc                isr_irq25
                0x100001cc                isr_irq4
                0x100001cc                isr_irq16
                0x100001cc                isr_irq29
                0x100001cc                isr_irq26
                0x100001cc                __default_isrs_end
                0x100001cc                isr_irq3
                0x100001cc                isr_irq12
                0x100001cc                isr_irq9
                0x100001d2                unhandled_user_irq_num_in_r0
 *(.binary_info_header)
 .binary_info_header
                0x100001d4       0x14 CMakeFiles/vga_invaders.dir/home/spiderman/Downloads/pico/pico-sdk/src/rp2_common/pico_standard_link/crt0.S.obj
                0x100001e8                __binary_info_header_end = .
 *(.reset)
 .reset         0x100001e8       0xa0 CMakeFiles/vga_invaders.dir/home/spiderman/Downloads/pico/pico-sdk/src/rp2_common/pico_standard_link/crt0.S.obj
                0x100001e8                _entry_point
 .reset         0x10000288       0x30 CMakeFiles/vga_invaders.dir/home/spiderman/Downloads/pico/pico-sdk/src/rp2_common/pico_standard_link/binary_info.c.obj
 *(.init)
 .init          0x100002b8        0x4 /usr/lib/gcc/arm-none-eabi/8.3.1/thumb/v6-m/nofp/crti.o
                0x100002b8                _init
 *(EXCLUDE_FILE(*libm.a: *libc.a:*lib_a-mem*.o *libgcc.a:) .text*)
 .text          0x100002bc       0x98 /usr/lib/gcc/arm-none-eabi/8.3.1/thumb/v6-m/nofp/crtbegin.o
 .text._ZN8PicoTone23generate_sound_callbackEP15repeating_timer
                0x10000354       0xd8 CMakeFiles/vga_invaders.dir/src/main.cpp.obj
                0x10000354                PicoTone::generate_sound_callback(repeating_timer*)
 .text._ZN8PicoTone19stop_sound_callbackElPv
                0x1000042c       0x24 CMakeFiles/vga_invaders.dir/src/main.cpp.obj
                0x1000042c                PicoTone::stop_sound_callback(long, void*)
 .text._Z10CrashFencettP7sSprite
                0x10000450       0xa0 CMakeFiles/vga_invaders.dir/src/main.cpp.obj
                0x10000450                CrashFence(unsigned short, unsigned short, sSprite*)
 .text._Z22Prepare_Layer0_Spritesv
                0x100004f0       0x98 CMakeFiles/vga_invaders.dir/src/main.cpp.obj
                0x100004f0                Prepare_Layer0_Sprites()
 .text._Z19Prepare_Layer0_Textv
                0x10000588       0x84 CMakeFiles/vga_invaders.dir/src/main.cpp.obj
                0x10000588                Prepare_Layer0_Text()
 .text._Z22Prepare_Layer1_Spritesv
                0x1000060c      0x348 CMakeFiles/vga_invaders.dir/src/main.cpp.obj
                0x1000060c                Prepare_Layer1_Sprites()
 .text._Z22Prepare_Layer2_Spritesv
                0x10000954      0x540 CMakeFiles/vga_invaders.dir/src/main.cpp.obj
                0x10000954                Prepare_Layer2_Sprites()
 .text._Z9VideoInitv
                0x10000e94       0x64 CMakeFiles/vga_invaders.dir/src/main.cpp.obj
                0x10000e94                VideoInit()
 .text._Z13DispGameTitlev
                0x10000ef8       0x1c CMakeFiles/vga_invaders.dir/src/main.cpp.obj
                0x10000ef8                DispGameTitle()
 .text._Z8DispHelpv
                0x10000f14       0x48 CMakeFiles/vga_invaders.dir/src/main.cpp.obj
                0x10000f14                DispHelp()
 .text._Z14DispMainScreenv
                0x10000f5c      0x28c CMakeFiles/vga_invaders.dir/src/main.cpp.obj
                0x10000f5c                DispMainScreen()
 .text._Z12DisplayStatsv
                0x100011e8       0xa8 CMakeFiles/vga_invaders.dir/src/main.cpp.obj
                0x100011e8                DisplayStats()
 .text._Z16Rebuild_Defensesv
                0x10001290      0x28c CMakeFiles/vga_invaders.dir/src/main.cpp.obj
                0x10001290                Rebuild_Defenses()
 .text._Z10Reset_Gamev
                0x1000151c       0xdc CMakeFiles/vga_invaders.dir/src/main.cpp.obj
                0x1000151c                Reset_Game()
 .text.startup.main
                0x100015f8     0x1690 CMakeFiles/vga_invaders.dir/src/main.cpp.obj
                0x100015f8                main
 .text.startup._GLOBAL__sub_I_Font_Copy
                0x10002c88       0x60 CMakeFiles/vga_invaders.dir/src/main.cpp.obj
 .text._Z10VgaDmaInitv
                0x10002ce8      0x11c CMakeFiles/vga_invaders.dir/__/__/src/vga.cpp.obj
                0x10002ce8                VgaDmaInit()
 .text._Z10VgaPioInitv
                0x10002e04      0x1b0 CMakeFiles/vga_invaders.dir/__/__/src/vga.cpp.obj
                0x10002e04                VgaPioInit()
 .text._Z10VgaBufInitv
                0x10002fb4      0x18c CMakeFiles/vga_invaders.dir/__/__/src/vga.cpp.obj
                0x10002fb4                VgaBufInit()
 .text._Z7VgaTermv
                0x10003140       0xe4 CMakeFiles/vga_invaders.dir/__/__/src/vga.cpp.obj
                0x10003140                VgaTerm()
 .text._Z16ScanlineTypeInitPK6sVmode
                0x10003224      0x1c0 CMakeFiles/vga_invaders.dir/__/__/src/vga.cpp.obj
                0x10003224                ScanlineTypeInit(sVmode const*)
 .text._Z7VgaInitPK6sVmode
                0x100033e4      0x1cc CMakeFiles/vga_invaders.dir/__/__/src/vga.cpp.obj
                0x100033e4                VgaInit(sVmode const*)
 .text._Z7VgaCorev
                0x100035b0       0x4c CMakeFiles/vga_invaders.dir/__/__/src/vga.cpp.obj
                0x100035b0                VgaCore()
 .text._Z12StartVgaCorev
                0x100035fc       0x14 CMakeFiles/vga_invaders.dir/__/__/src/vga.cpp.obj
                0x100035fc                StartVgaCore()
 .text._Z10VgaInitReqPK6sVmode
                0x10003610       0x28 CMakeFiles/vga_invaders.dir/__/__/src/vga.cpp.obj
                0x10003610                VgaInitReq(sVmode const*)
 .text._Z7LayerOnh
                0x10003638       0x20 CMakeFiles/vga_invaders.dir/__/__/src/vga_layer.cpp.obj
                0x10003638                LayerOn(unsigned char)
 .text._Z8LayerOffh
                0x10003658       0x20 CMakeFiles/vga_invaders.dir/__/__/src/vga_layer.cpp.obj
                0x10003658                LayerOff(unsigned char)
 .text._Z9LayerSetXhs
                0x10003678       0x9c CMakeFiles/vga_invaders.dir/__/__/src/vga_layer.cpp.obj
                0x10003678                LayerSetX(unsigned char, short)
 .text._Z16LayerSpriteSetuphPP7sSpritetPK6sVmodesstth
                0x10003714       0xd8 CMakeFiles/vga_invaders.dir/__/__/src/vga_layer.cpp.obj
                0x10003714                LayerSpriteSetup(unsigned char, sSprite**, unsigned short, sVmode const*, short, short, unsigned short, unsigned short, unsigned char)
 .text._Z15SpritePrepLinesPKhPhS1_ttthh
                0x100037ec       0xf0 CMakeFiles/vga_invaders.dir/__/__/src/vga_layer.cpp.obj
                0x100037ec                SpritePrepLines(unsigned char const*, unsigned char*, unsigned char*, unsigned short, unsigned short, unsigned short, unsigned char, unsigned char)
 .text._Z10SortSpritePP7sSpritei
                0x100038dc       0x4c CMakeFiles/vga_invaders.dir/__/__/src/vga_layer.cpp.obj
                0x100038dc                SortSprite(sSprite**, int)
 .text._Z11ScreenClearP7sScreen
                0x10003928       0x10 CMakeFiles/vga_invaders.dir/__/__/src/vga_screen.cpp.obj
                0x10003928                ScreenClear(sScreen*)
 .text._Z14ScreenAddStripP7sScreeni
                0x10003938       0x24 CMakeFiles/vga_invaders.dir/__/__/src/vga_screen.cpp.obj
                0x10003938                ScreenAddStrip(sScreen*, int)
 .text._Z13ScreenAddSegmP6sStripi
                0x1000395c       0x38 CMakeFiles/vga_invaders.dir/__/__/src/vga_screen.cpp.obj
                0x1000395c                ScreenAddSegm(sStrip*, int)
 .text._Z16ScreenSegmGraph8P5sSegmPKvi
                0x10003994       0x1c CMakeFiles/vga_invaders.dir/__/__/src/vga_screen.cpp.obj
                0x10003994                ScreenSegmGraph8(sSegm*, void const*, int)
 .text._Z15ScreenSegmATextP5sSegmPKvS2_tS2_i
                0x100039b0       0x28 CMakeFiles/vga_invaders.dir/__/__/src/vga_screen.cpp.obj
                0x100039b0                ScreenSegmAText(sSegm*, void const*, void const*, unsigned short, void const*, int)
 .text._Z12CopyWhiteImgPhPKhi
                0x100039d8       0xbc CMakeFiles/vga_invaders.dir/__/__/src/vga_util.cpp.obj
                0x100039d8                CopyWhiteImg(unsigned char*, unsigned char const*, int)
 .text._Z9VgaCfgDefP7sVgaCfg
                0x10003a94       0x2c CMakeFiles/vga_invaders.dir/__/__/src/vga_vmode.cpp.obj
                0x10003a94                VgaCfgDef(sVgaCfg*)
 .text._Z6VgaCfgPK7sVgaCfgP6sVmode
                0x10003ac0      0x5ec CMakeFiles/vga_invaders.dir/__/__/src/vga_vmode.cpp.obj
                0x10003ac0                VgaCfg(sVgaCfg const*, sVmode*)
 .text._Z8DrawRectP7sCanvasiiiih
                0x100040ac     0x1160 CMakeFiles/vga_invaders.dir/__/__/src/util/canvas.cpp.obj
                0x100040ac                DrawRect(sCanvas*, int, int, int, int, unsigned char)
 .text._Z7DrawImgP7sCanvasS0_iiiiii
                0x1000520c      0x76c CMakeFiles/vga_invaders.dir/__/__/src/util/canvas.cpp.obj
                0x1000520c                DrawImg(sCanvas*, sCanvas*, int, int, int, int, int, int)
 .text._Z12FindSysClockmPmS_PtPhS1_
                0x10005978      0x2a8 CMakeFiles/vga_invaders.dir/__/__/src/util/overclock.cpp.obj
                0x10005978                FindSysClock(unsigned long, unsigned long*, unsigned long*, unsigned short*, unsigned char*, unsigned char*)
 .text._Z10PrintSetupPhiii
                0x10005c20       0x54 CMakeFiles/vga_invaders.dir/__/__/src/util/print.cpp.obj
                0x10005c20                PrintSetup(unsigned char*, int, int, int)
 .text._Z10PrintClearv
                0x10005c74       0x98 CMakeFiles/vga_invaders.dir/__/__/src/util/print.cpp.obj
                0x10005c74                PrintClear()
 .text._Z11PrintSetPosii
                0x10005d0c       0x14 CMakeFiles/vga_invaders.dir/__/__/src/util/print.cpp.obj
                0x10005d0c                PrintSetPos(int, int)
 .text._Z11PrintSetColh
                0x10005d20        0xc CMakeFiles/vga_invaders.dir/__/__/src/util/print.cpp.obj
                0x10005d20                PrintSetCol(unsigned char)
 .text._Z9PrintTextPKc
                0x10005d2c       0xf0 CMakeFiles/vga_invaders.dir/__/__/src/util/print.cpp.obj
                0x10005d2c                PrintText(char const*)
 .text._ZN7cRandom5U8MaxEh
                0x10005e1c       0x54 CMakeFiles/vga_invaders.dir/__/__/src/util/rand.cpp.obj
                0x10005e1c                cRandom::U8Max(unsigned char)
 .text._ZN7cRandom8U8MinMaxEhh
                0x10005e70       0x64 CMakeFiles/vga_invaders.dir/__/__/src/util/rand.cpp.obj
                0x10005e70                cRandom::U8MinMax(unsigned char, unsigned char)
 .text._Z9PWMSndIrqv
                0x10005ed4       0xd4 CMakeFiles/vga_invaders.dir/__/__/src/util/pwmsnd.cpp.obj
                0x10005ed4                PWMSndIrq()
 .text._Z10PWMSndInitv
                0x10005fa8       0x78 CMakeFiles/vga_invaders.dir/__/__/src/util/pwmsnd.cpp.obj
                0x10005fa8                PWMSndInit()
 .text._Z9PlaySoundPKhihf
                0x10006020       0x6c CMakeFiles/vga_invaders.dir/__/__/src/util/pwmsnd.cpp.obj
                0x10006020                PlaySound(unsigned char const*, int, unsigned char, float)
 .text._Z7PlaySFXPKhif
                0x1000608c       0x54 CMakeFiles/vga_invaders.dir/__/__/src/util/pwmsnd.cpp.obj
                0x1000608c                PlaySFX(unsigned char const*, int, float)
 .text.set_sys_clock_pll
                0x100060e0       0x78 CMakeFiles/vga_invaders.dir/home/spiderman/Downloads/pico/pico-sdk/src/rp2_common/pico_stdlib/stdlib.c.obj
                0x100060e0                set_sys_clock_pll
 .text.gpio_set_function
                0x10006158       0x30 CMakeFiles/vga_invaders.dir/home/spiderman/Downloads/pico/pico-sdk/src/rp2_common/hardware_gpio/gpio.c.obj
                0x10006158                gpio_set_function
 .text.gpio_set_pulls
                0x10006188       0x30 CMakeFiles/vga_invaders.dir/home/spiderman/Downloads/pico/pico-sdk/src/rp2_common/hardware_gpio/gpio.c.obj
                0x10006188                gpio_set_pulls
 .text.gpio_set_outover
                0x100061b8       0x24 CMakeFiles/vga_invaders.dir/home/spiderman/Downloads/pico/pico-sdk/src/rp2_common/hardware_gpio/gpio.c.obj
                0x100061b8                gpio_set_outover
 .text.gpio_init
                0x100061dc       0x3c CMakeFiles/vga_invaders.dir/home/spiderman/Downloads/pico/pico-sdk/src/rp2_common/hardware_gpio/gpio.c.obj
                0x100061dc                gpio_init
 .text.running_on_fpga
                0x10006218       0x10 CMakeFiles/vga_invaders.dir/home/spiderman/Downloads/pico/pico-sdk/src/rp2_common/pico_platform/platform.c.obj
                0x10006218                running_on_fpga
 .text.hw_claim_lock
                0x10006228       0x18 CMakeFiles/vga_invaders.dir/home/spiderman/Downloads/pico/pico-sdk/src/rp2_common/hardware_claim/claim.c.obj
                0x10006228                hw_claim_lock
 .text.hw_claim_unlock
                0x10006240       0x14 CMakeFiles/vga_invaders.dir/home/spiderman/Downloads/pico/pico-sdk/src/rp2_common/hardware_claim/claim.c.obj
                0x10006240                hw_claim_unlock
 .text.hw_claim_or_assert
                0x10006254       0x44 CMakeFiles/vga_invaders.dir/home/spiderman/Downloads/pico/pico-sdk/src/rp2_common/hardware_claim/claim.c.obj
                0x10006254                hw_claim_or_assert
 .text.hw_claim_unused_from_range
                0x10006298       0x9c CMakeFiles/vga_invaders.dir/home/spiderman/Downloads/pico/pico-sdk/src/rp2_common/hardware_claim/claim.c.obj
                0x10006298                hw_claim_unused_from_range
 .text.spin_locks_reset
                0x10006334       0x1c CMakeFiles/vga_invaders.dir/home/spiderman/Downloads/pico/pico-sdk/src/rp2_common/hardware_sync/sync.c.obj
                0x10006334                spin_locks_reset
 .text.next_striped_spin_lock_num
                0x10006350       0x18 CMakeFiles/vga_invaders.dir/home/spiderman/Downloads/pico/pico-sdk/src/rp2_common/hardware_sync/sync.c.obj
                0x10006350                next_striped_spin_lock_num
 .text.spin_lock_claim_unused
                0x10006368       0x20 CMakeFiles/vga_invaders.dir/home/spiderman/Downloads/pico/pico-sdk/src/rp2_common/hardware_sync/sync.c.obj
                0x10006368                spin_lock_claim_unused
 .text.irq_set_enabled
                0x10006388       0x24 CMakeFiles/vga_invaders.dir/home/spiderman/Downloads/pico/pico-sdk/src/rp2_common/hardware_irq/irq.c.obj
                0x10006388                irq_set_enabled
 .text.irq_is_enabled
                0x100063ac       0x18 CMakeFiles/vga_invaders.dir/home/spiderman/Downloads/pico/pico-sdk/src/rp2_common/hardware_irq/irq.c.obj
                0x100063ac                irq_is_enabled
 .text.irq_set_pending
                0x100063c4       0x10 CMakeFiles/vga_invaders.dir/home/spiderman/Downloads/pico/pico-sdk/src/rp2_common/hardware_irq/irq.c.obj
                0x100063c4                irq_set_pending
 .text.irq_has_shared_handler
                0x100063d4       0x2c CMakeFiles/vga_invaders.dir/home/spiderman/Downloads/pico/pico-sdk/src/rp2_common/hardware_irq/irq.c.obj
                0x100063d4                irq_has_shared_handler
 .text.irq_get_vtable_handler
                0x10006400       0x10 CMakeFiles/vga_invaders.dir/home/spiderman/Downloads/pico/pico-sdk/src/rp2_common/hardware_irq/irq.c.obj
                0x10006400                irq_get_vtable_handler
 .text.irq_set_exclusive_handler
                0x10006410       0x54 CMakeFiles/vga_invaders.dir/home/spiderman/Downloads/pico/pico-sdk/src/rp2_common/hardware_irq/irq.c.obj
                0x10006410                irq_set_exclusive_handler
 .text.irq_add_shared_handler
                0x10006464      0x1c8 CMakeFiles/vga_invaders.dir/home/spiderman/Downloads/pico/pico-sdk/src/rp2_common/hardware_irq/irq.c.obj
                0x10006464                irq_add_shared_handler
 .text.irq_remove_handler
                0x1000662c      0x1b0 CMakeFiles/vga_invaders.dir/home/spiderman/Downloads/pico/pico-sdk/src/rp2_common/hardware_irq/irq.c.obj
                0x1000662c                irq_remove_handler
 .text.irq_set_priority
                0x100067dc       0x28 CMakeFiles/vga_invaders.dir/home/spiderman/Downloads/pico/pico-sdk/src/rp2_common/hardware_irq/irq.c.obj
                0x100067dc                irq_set_priority
 .text.irq_add_tail_to_free_list
                0x10006804       0xb4 CMakeFiles/vga_invaders.dir/home/spiderman/Downloads/pico/pico-sdk/src/rp2_common/hardware_irq/irq.c.obj
                0x10006804                irq_add_tail_to_free_list
 .text.irq_init_priorities
                0x100068b8       0x24 CMakeFiles/vga_invaders.dir/home/spiderman/Downloads/pico/pico-sdk/src/rp2_common/hardware_irq/irq.c.obj
                0x100068b8                irq_init_priorities
 .text.user_irq_claim_unused
                0x100068dc       0x28 CMakeFiles/vga_invaders.dir/home/spiderman/Downloads/pico/pico-sdk/src/rp2_common/hardware_irq/irq.c.obj
                0x100068dc                user_irq_claim_unused
 .text.lock_init
                0x10006904       0x10 CMakeFiles/vga_invaders.dir/home/spiderman/Downloads/pico/pico-sdk/src/common/pico_sync/lock_core.c.obj
                0x10006904                lock_init
 .text.mutex_init
                0x10006914       0x1c CMakeFiles/vga_invaders.dir/home/spiderman/Downloads/pico/pico-sdk/src/common/pico_sync/mutex.c.obj
                0x10006914                mutex_init
 .text.recursive_mutex_init
                0x10006930       0x1c CMakeFiles/vga_invaders.dir/home/spiderman/Downloads/pico/pico-sdk/src/common/pico_sync/mutex.c.obj
                0x10006930                recursive_mutex_init
 .text.critical_section_init
                0x1000694c       0x20 CMakeFiles/vga_invaders.dir/home/spiderman/Downloads/pico/pico-sdk/src/common/pico_sync/critical_section.c.obj
                0x1000694c                critical_section_init
 .text.critical_section_init_with_lock_num
                0x1000696c       0x14 CMakeFiles/vga_invaders.dir/home/spiderman/Downloads/pico/pico-sdk/src/common/pico_sync/critical_section.c.obj
                0x1000696c                critical_section_init_with_lock_num
 .text.ph_merge_nodes
                0x10006980       0x5c CMakeFiles/vga_invaders.dir/home/spiderman/Downloads/pico/pico-sdk/src/common/pico_time/time.c.obj
 .text.timer_pool_entry_comparator
                0x100069dc       0x34 CMakeFiles/vga_invaders.dir/home/spiderman/Downloads/pico/pico-sdk/src/common/pico_time/time.c.obj
                0x100069dc                timer_pool_entry_comparator
 .text.repeating_timer_callback
                0x10006a10       0x1c CMakeFiles/vga_invaders.dir/home/spiderman/Downloads/pico/pico-sdk/src/common/pico_time/time.c.obj
 .text.sleep_until_callback
                0x10006a2c       0x30 CMakeFiles/vga_invaders.dir/home/spiderman/Downloads/pico/pico-sdk/src/common/pico_time/time.c.obj
 .text.add_alarm_under_lock
                0x10006a5c       0xbc CMakeFiles/vga_invaders.dir/home/spiderman/Downloads/pico/pico-sdk/src/common/pico_time/time.c.obj
 .text.alarm_pool_alarm_callback
                0x10006b18      0x1bc CMakeFiles/vga_invaders.dir/home/spiderman/Downloads/pico/pico-sdk/src/common/pico_time/time.c.obj
 .text.alarm_pool_init_default
                0x10006cd4       0x6c CMakeFiles/vga_invaders.dir/home/spiderman/Downloads/pico/pico-sdk/src/common/pico_time/time.c.obj
                0x10006cd4                alarm_pool_init_default
 .text.alarm_pool_get_default
                0x10006d40        0x8 CMakeFiles/vga_invaders.dir/home/spiderman/Downloads/pico/pico-sdk/src/common/pico_time/time.c.obj
                0x10006d40                alarm_pool_get_default
 .text.alarm_pool_add_alarm_at
                0x10006d48      0x140 CMakeFiles/vga_invaders.dir/home/spiderman/Downloads/pico/pico-sdk/src/common/pico_time/time.c.obj
                0x10006d48                alarm_pool_add_alarm_at
 .text.alarm_pool_cancel_alarm
                0x10006e88       0x70 CMakeFiles/vga_invaders.dir/home/spiderman/Downloads/pico/pico-sdk/src/common/pico_time/time.c.obj
                0x10006e88                alarm_pool_cancel_alarm
 .text.alarm_pool_core_num
                0x10006ef8        0x4 CMakeFiles/vga_invaders.dir/home/spiderman/Downloads/pico/pico-sdk/src/common/pico_time/time.c.obj
                0x10006ef8                alarm_pool_core_num
 .text.alarm_pool_add_repeating_timer_us
                0x10006efc      0x198 CMakeFiles/vga_invaders.dir/home/spiderman/Downloads/pico/pico-sdk/src/common/pico_time/time.c.obj
                0x10006efc                alarm_pool_add_repeating_timer_us
 .text.cancel_repeating_timer
                0x10007094       0x84 CMakeFiles/vga_invaders.dir/home/spiderman/Downloads/pico/pico-sdk/src/common/pico_time/time.c.obj
                0x10007094                cancel_repeating_timer
 .text.sleep_until
                0x10007118       0xc4 CMakeFiles/vga_invaders.dir/home/spiderman/Downloads/pico/pico-sdk/src/common/pico_time/time.c.obj
                0x10007118                sleep_until
 .text.sleep_ms
                0x100071dc       0x34 CMakeFiles/vga_invaders.dir/home/spiderman/Downloads/pico/pico-sdk/src/common/pico_time/time.c.obj
                0x100071dc                sleep_ms
 .text.best_effort_wfe_or_timeout
                0x10007210       0x60 CMakeFiles/vga_invaders.dir/home/spiderman/Downloads/pico/pico-sdk/src/common/pico_time/time.c.obj
                0x10007210                best_effort_wfe_or_timeout
 .text.hardware_alarm_irq_handler
                0x10007270       0xb4 CMakeFiles/vga_invaders.dir/home/spiderman/Downloads/pico/pico-sdk/src/rp2_common/hardware_timer/timer.c.obj
 .text.hardware_alarm_claim
                0x10007324       0x18 CMakeFiles/vga_invaders.dir/home/spiderman/Downloads/pico/pico-sdk/src/rp2_common/hardware_timer/timer.c.obj
                0x10007324                hardware_alarm_claim
 .text.time_us_64
                0x1000733c       0x18 CMakeFiles/vga_invaders.dir/home/spiderman/Downloads/pico/pico-sdk/src/rp2_common/hardware_timer/timer.c.obj
                0x1000733c                time_us_64
 .text.busy_wait_us
                0x10007354       0x60 CMakeFiles/vga_invaders.dir/home/spiderman/Downloads/pico/pico-sdk/src/rp2_common/hardware_timer/timer.c.obj
                0x10007354                busy_wait_us
 .text.busy_wait_until
                0x100073b4       0x20 CMakeFiles/vga_invaders.dir/home/spiderman/Downloads/pico/pico-sdk/src/rp2_common/hardware_timer/timer.c.obj
                0x100073b4                busy_wait_until
 .text.hardware_alarm_set_callback
                0x100073d4       0x8c CMakeFiles/vga_invaders.dir/home/spiderman/Downloads/pico/pico-sdk/src/rp2_common/hardware_timer/timer.c.obj
                0x100073d4                hardware_alarm_set_callback
 .text.hardware_alarm_set_target
                0x10007460       0xe8 CMakeFiles/vga_invaders.dir/home/spiderman/Downloads/pico/pico-sdk/src/rp2_common/hardware_timer/timer.c.obj
                0x10007460                hardware_alarm_set_target
 .text.hardware_alarm_cancel
                0x10007548       0x40 CMakeFiles/vga_invaders.dir/home/spiderman/Downloads/pico/pico-sdk/src/rp2_common/hardware_timer/timer.c.obj
                0x10007548                hardware_alarm_cancel
 .text.ph_merge_nodes
                0x10007588       0x5c CMakeFiles/vga_invaders.dir/home/spiderman/Downloads/pico/pico-sdk/src/common/pico_util/pheap.c.obj
 .text.ph_post_alloc_init
                0x100075e4      0x1b8 CMakeFiles/vga_invaders.dir/home/spiderman/Downloads/pico/pico-sdk/src/common/pico_util/pheap.c.obj
                0x100075e4                ph_post_alloc_init
 .text.ph_merge_two_pass
                0x1000779c       0x4c CMakeFiles/vga_invaders.dir/home/spiderman/Downloads/pico/pico-sdk/src/common/pico_util/pheap.c.obj
                0x1000779c                ph_merge_two_pass
 .text.ph_remove_any_head
                0x100077e8      0x1c0 CMakeFiles/vga_invaders.dir/home/spiderman/Downloads/pico/pico-sdk/src/common/pico_util/pheap.c.obj
 .text.ph_remove_head
                0x100079a8      0x1c4 CMakeFiles/vga_invaders.dir/home/spiderman/Downloads/pico/pico-sdk/src/common/pico_util/pheap.c.obj
                0x100079a8                ph_remove_head
 .text.ph_remove_and_free_node
                0x10007b6c       0x7c CMakeFiles/vga_invaders.dir/home/spiderman/Downloads/pico/pico-sdk/src/common/pico_util/pheap.c.obj
                0x10007b6c                ph_remove_and_free_node
 .text.uart_init
                0x10007be8       0xe4 CMakeFiles/vga_invaders.dir/home/spiderman/Downloads/pico/pico-sdk/src/rp2_common/hardware_uart/uart.c.obj
                0x10007be8                uart_init
 .text.clock_configure
                0x10007ccc      0x148 CMakeFiles/vga_invaders.dir/home/spiderman/Downloads/pico/pico-sdk/src/rp2_common/hardware_clocks/clocks.c.obj
                0x10007ccc                clock_configure
 .text.clocks_init
                0x10007e14      0x2c0 CMakeFiles/vga_invaders.dir/home/spiderman/Downloads/pico/pico-sdk/src/rp2_common/hardware_clocks/clocks.c.obj
                0x10007e14                clocks_init
 .text.clock_get_hz
                0x100080d4        0xc CMakeFiles/vga_invaders.dir/home/spiderman/Downloads/pico/pico-sdk/src/rp2_common/hardware_clocks/clocks.c.obj
                0x100080d4                clock_get_hz
 .text.pll_init
                0x100080e0       0xa8 CMakeFiles/vga_invaders.dir/home/spiderman/Downloads/pico/pico-sdk/src/rp2_common/hardware_pll/pll.c.obj
                0x100080e0                pll_init
 .text.watchdog_start_tick
                0x10008188       0x10 CMakeFiles/vga_invaders.dir/home/spiderman/Downloads/pico/pico-sdk/src/rp2_common/hardware_watchdog/watchdog.c.obj
                0x10008188                watchdog_start_tick
 .text.watchdog_reboot
                0x10008198       0x98 CMakeFiles/vga_invaders.dir/home/spiderman/Downloads/pico/pico-sdk/src/rp2_common/hardware_watchdog/watchdog.c.obj
                0x10008198                watchdog_reboot
 .text.xosc_init
                0x10008230       0x28 CMakeFiles/vga_invaders.dir/home/spiderman/Downloads/pico/pico-sdk/src/rp2_common/hardware_xosc/xosc.c.obj
                0x10008230                xosc_init
 .text.hw_divider_save_state
                0x10008258       0x14 CMakeFiles/vga_invaders.dir/home/spiderman/Downloads/pico/pico-sdk/src/rp2_common/hardware_divider/divider.S.obj
                0x10008258                hw_divider_save_state
 .text.hw_divider_restore_state
                0x1000826c       0x14 CMakeFiles/vga_invaders.dir/home/spiderman/Downloads/pico/pico-sdk/src/rp2_common/hardware_divider/divider.S.obj
                0x1000826c                hw_divider_restore_state
 .text.runtime_init
                0x10008280       0xf4 CMakeFiles/vga_invaders.dir/home/spiderman/Downloads/pico/pico-sdk/src/rp2_common/pico_runtime/runtime.c.obj
                0x10008280                runtime_init
 .text._exit    0x10008374        0x4 CMakeFiles/vga_invaders.dir/home/spiderman/Downloads/pico/pico-sdk/src/rp2_common/pico_runtime/runtime.c.obj
                0x10008374                _exit
 .text._sbrk    0x10008378       0x34 CMakeFiles/vga_invaders.dir/home/spiderman/Downloads/pico/pico-sdk/src/rp2_common/pico_runtime/runtime.c.obj
                0x10008378                _sbrk
 .text.exit     0x100083ac        0x8 CMakeFiles/vga_invaders.dir/home/spiderman/Downloads/pico/pico-sdk/src/rp2_common/pico_runtime/runtime.c.obj
                0x100083ac                exit
 .text.panic    0x100083b4       0x30 CMakeFiles/vga_invaders.dir/home/spiderman/Downloads/pico/pico-sdk/src/rp2_common/pico_runtime/runtime.c.obj
                0x100083b4                panic
 .text.hard_assertion_failure
                0x100083e4        0xc CMakeFiles/vga_invaders.dir/home/spiderman/Downloads/pico/pico-sdk/src/rp2_common/pico_runtime/runtime.c.obj
                0x100083e4                hard_assertion_failure
 .text._out_null
                0x100083f0        0x4 CMakeFiles/vga_invaders.dir/home/spiderman/Downloads/pico/pico-sdk/src/rp2_common/pico_printf/printf.c.obj
 .text._out_rev
                0x100083f4       0x9c CMakeFiles/vga_invaders.dir/home/spiderman/Downloads/pico/pico-sdk/src/rp2_common/pico_printf/printf.c.obj
 .text._ntoa_format
                0x10008490      0x1c8 CMakeFiles/vga_invaders.dir/home/spiderman/Downloads/pico/pico-sdk/src/rp2_common/pico_printf/printf.c.obj
 .text._out_char
                0x10008658       0x10 CMakeFiles/vga_invaders.dir/home/spiderman/Downloads/pico/pico-sdk/src/rp2_common/pico_printf/printf.c.obj
 .text._out_fct
                0x10008668       0x10 CMakeFiles/vga_invaders.dir/home/spiderman/Downloads/pico/pico-sdk/src/rp2_common/pico_printf/printf.c.obj
 .text._etoa    0x10008678      0x45c CMakeFiles/vga_invaders.dir/home/spiderman/Downloads/pico/pico-sdk/src/rp2_common/pico_printf/printf.c.obj
 .text._ftoa    0x10008ad4      0x4c0 CMakeFiles/vga_invaders.dir/home/spiderman/Downloads/pico/pico-sdk/src/rp2_common/pico_printf/printf.c.obj
 .text._vsnprintf
                0x10008f94      0xad0 CMakeFiles/vga_invaders.dir/home/spiderman/Downloads/pico/pico-sdk/src/rp2_common/pico_printf/printf.c.obj
 .text.vfctprintf
                0x10009a64       0x20 CMakeFiles/vga_invaders.dir/home/spiderman/Downloads/pico/pico-sdk/src/rp2_common/pico_printf/printf.c.obj
                0x10009a64                vfctprintf
 .text.weak_raw_vprintf
                0x10009a84       0x30 CMakeFiles/vga_invaders.dir/home/spiderman/Downloads/pico/pico-sdk/src/rp2_common/pico_printf/printf.c.obj
                0x10009a84                weak_raw_vprintf
 .text          0x10009ab4       0x10 CMakeFiles/vga_invaders.dir/home/spiderman/Downloads/pico/pico-sdk/src/rp2_common/pico_bit_ops/bit_ops_aeabi.S.obj
 .text.rom_func_lookup
                0x10009ac4       0x10 CMakeFiles/vga_invaders.dir/home/spiderman/Downloads/pico/pico-sdk/src/rp2_common/pico_bootrom/bootrom.c.obj
                0x10009ac4                rom_func_lookup
 .text.rom_data_lookup
                0x10009ad4       0x10 CMakeFiles/vga_invaders.dir/home/spiderman/Downloads/pico/pico-sdk/src/rp2_common/pico_bootrom/bootrom.c.obj
                0x10009ad4                rom_data_lookup
 .text.rom_funcs_lookup
                0x10009ae4       0x3c CMakeFiles/vga_invaders.dir/home/spiderman/Downloads/pico/pico-sdk/src/rp2_common/pico_bootrom/bootrom.c.obj
                0x10009ae4                rom_funcs_lookup
 .text.__wrap___aeabi_idiv
                0x10009b20       0x50 CMakeFiles/vga_invaders.dir/home/spiderman/Downloads/pico/pico-sdk/src/rp2_common/pico_divider/divider.S.obj
                0x10009b20                __wrap___aeabi_idivmod
                0x10009b20                divmod_s32s32
                0x10009b20                div_s32s32
                0x10009b20                __wrap___aeabi_idiv
                0x10009b28                divmod_s32s32_unsafe
                0x10009b54                divmod_s32s32_savestate
 .text.__wrap___aeabi_uidiv
                0x10009b70       0x4c CMakeFiles/vga_invaders.dir/home/spiderman/Downloads/pico/pico-sdk/src/rp2_common/pico_divider/divider.S.obj
                0x10009b70                __wrap___aeabi_uidiv
                0x10009b70                __wrap___aeabi_uidivmod
                0x10009b70                div_u32u32
                0x10009b70                divmod_u32u32
                0x10009b78                divmod_u32u32_unsafe
                0x10009ba0                divmod_u32u32_savestate
 .text.__wrap___aeabi_ldiv
                0x10009bbc      0x424 CMakeFiles/vga_invaders.dir/home/spiderman/Downloads/pico/pico-sdk/src/rp2_common/pico_divider/divider.S.obj
                0x10009bbc                div_s64s64
                0x10009bbc                divmod_s64s64
                0x10009bbc                __wrap___aeabi_ldivmod
                0x10009bec                div_u64u64
                0x10009bec                divmod_u64u64
                0x10009bec                __wrap___aeabi_uldivmod
                0x10009bfc                divmod_u64u64_savestate
                0x10009c1c                divmod_s64s64_unsafe
                0x10009ca4                divmod_u64u64_unsafe
 .text.__wrap___aeabi_darithmetic
                0x10009fe0       0x80 CMakeFiles/vga_invaders.dir/home/spiderman/Downloads/pico/pico-sdk/src/rp2_common/pico_double/double_aeabi.S.obj
                0x10009fe0                __wrap___aeabi_drsub
                0x10009fe6                __wrap___aeabi_dsub
                0x10009ff8                __wrap___aeabi_dadd
                0x1000a00a                __wrap___aeabi_ddiv
                0x1000a046                __wrap___aeabi_dmul
 .text.__wrap___aeabi_cdcmple
                0x1000a060       0x6c CMakeFiles/vga_invaders.dir/home/spiderman/Downloads/pico/pico-sdk/src/rp2_common/pico_double/double_aeabi.S.obj
                0x1000a060                __wrap___aeabi_cdrcmple
                0x1000a070                __wrap___aeabi_cdcmple
                0x1000a070                __wrap___aeabi_cdcmpeq
 .text.__wrap___aeabi_dcmplt
                0x1000a0cc        0xc CMakeFiles/vga_invaders.dir/home/spiderman/Downloads/pico/pico-sdk/src/rp2_common/pico_double/double_aeabi.S.obj
                0x1000a0cc                __wrap___aeabi_dcmplt
 .text.__wrap___aeabi_dcmpge
                0x1000a0d8       0x10 CMakeFiles/vga_invaders.dir/home/spiderman/Downloads/pico/pico-sdk/src/rp2_common/pico_double/double_aeabi.S.obj
                0x1000a0d8                __wrap___aeabi_dcmpge
 .text.__wrap___aeabi_dcmpgt
                0x1000a0e8        0xa CMakeFiles/vga_invaders.dir/home/spiderman/Downloads/pico/pico-sdk/src/rp2_common/pico_double/double_aeabi.S.obj
                0x1000a0e8                __wrap___aeabi_dcmpgt
 .text.__wrap___aeabi_dcmpun
                0x1000a0f2       0x1c CMakeFiles/vga_invaders.dir/home/spiderman/Downloads/pico/pico-sdk/src/rp2_common/pico_double/double_aeabi.S.obj
                0x1000a0f2                __wrap___aeabi_dcmpun
 *fill*         0x1000a10e        0x2 
 .text.__wrap___aeabi_i2d
                0x1000a110       0x38 CMakeFiles/vga_invaders.dir/home/spiderman/Downloads/pico/pico-sdk/src/rp2_common/pico_double/double_aeabi.S.obj
                0x1000a110                __wrap___aeabi_ui2d
                0x1000a118                __wrap___aeabi_i2d
 .text.__wrap___aeabi_d2iz
                0x1000a148       0x48 CMakeFiles/vga_invaders.dir/home/spiderman/Downloads/pico/pico-sdk/src/rp2_common/pico_double/double_aeabi.S.obj
                0x1000a148                __wrap___aeabi_d2iz
                0x1000a148                double2int_z
 .text.__wrap___aeabi_d2uiz
                0x1000a190       0x18 CMakeFiles/vga_invaders.dir/home/spiderman/Downloads/pico/pico-sdk/src/rp2_common/pico_double/double_aeabi.S.obj
                0x1000a190                double2uint
                0x1000a190                __wrap___aeabi_d2uiz
 .text.__aeabi_double_init
                0x1000a1a8       0xbc CMakeFiles/vga_invaders.dir/home/spiderman/Downloads/pico/pico-sdk/src/rp2_common/pico_double/double_init_rom.c.obj
                0x1000a1a8                __aeabi_double_init
 .text.double_table_shim_on_use_helper
                0x1000a264       0x2c CMakeFiles/vga_invaders.dir/home/spiderman/Downloads/pico/pico-sdk/src/rp2_common/pico_double/double_v1_rom_shim.S.obj
                0x1000a264                double_table_shim_on_use_helper
 .text.__wrap___aeabi_dsub
                0x1000a290       0x10 CMakeFiles/vga_invaders.dir/home/spiderman/Downloads/pico/pico-sdk/src/rp2_common/pico_double/double_v1_rom_shim.S.obj
                0x1000a290                drsub_shim
                0x1000a296                dsub_shim
 .text.dadd_shim
                0x1000a2a0      0x15c CMakeFiles/vga_invaders.dir/home/spiderman/Downloads/pico/pico-sdk/src/rp2_common/pico_double/double_v1_rom_shim.S.obj
                0x1000a2a0                dadd_shim
 .text.dmul_shim
                0x1000a3fc      0x15c CMakeFiles/vga_invaders.dir/home/spiderman/Downloads/pico/pico-sdk/src/rp2_common/pico_double/double_v1_rom_shim.S.obj
                0x1000a3fc                dmul_shim
 .text.ddiv_shim
                0x1000a558      0x1b0 CMakeFiles/vga_invaders.dir/home/spiderman/Downloads/pico/pico-sdk/src/rp2_common/pico_double/double_v1_rom_shim.S.obj
                0x1000a558                ddiv_shim
 .text.double2uint_shim
                0x1000a708        0xe CMakeFiles/vga_invaders.dir/home/spiderman/Downloads/pico/pico-sdk/src/rp2_common/pico_double/double_v1_rom_shim.S.obj
                0x1000a708                double2uint_shim
                0x1000a70a                double2ufix_shim
 *fill*         0x1000a716        0x2 
 .text.double2uint64_shim
                0x1000a718       0x70 CMakeFiles/vga_invaders.dir/home/spiderman/Downloads/pico/pico-sdk/src/rp2_common/pico_double/double_v1_rom_shim.S.obj
                0x1000a718                double2uint64_shim
                0x1000a71a                double2ufix64_shim
                0x1000a73a                d2fix_a
 .text.dunpacks
                0x1000a788       0x3c CMakeFiles/vga_invaders.dir/home/spiderman/Downloads/pico/pico-sdk/src/rp2_common/pico_double/double_v1_rom_shim.S.obj
                0x1000a788                dunpacks
 .text.__aeabi_lmul
                0x1000a7c4       0x32 CMakeFiles/vga_invaders.dir/home/spiderman/Downloads/pico/pico-sdk/src/rp2_common/pico_int64_ops/pico_int64_ops_aeabi.S.obj
                0x1000a7c4                __wrap___aeabi_lmul
 *fill*         0x1000a7f6        0x2 
 .text.__wrap___aeabi_farithmetic
                0x1000a7f8       0x48 CMakeFiles/vga_invaders.dir/home/spiderman/Downloads/pico/pico-sdk/src/rp2_common/pico_float/float_aeabi.S.obj
                0x1000a7f8                __wrap___aeabi_frsub
                0x1000a7fe                __wrap___aeabi_fsub
                0x1000a804                __wrap___aeabi_fadd
                0x1000a80a                __wrap___aeabi_fdiv
                0x1000a832                __wrap___aeabi_fmul
 .text.__wrap___aeabi_ui2f
                0x1000a840        0xa CMakeFiles/vga_invaders.dir/home/spiderman/Downloads/pico/pico-sdk/src/rp2_common/pico_float/float_aeabi.S.obj
                0x1000a840                __wrap___aeabi_ui2f
 *fill*         0x1000a84a        0x2 
 .text.__wrap___aeabi_i2f
                0x1000a84c       0x44 CMakeFiles/vga_invaders.dir/home/spiderman/Downloads/pico/pico-sdk/src/rp2_common/pico_float/float_aeabi.S.obj
                0x1000a84c                __wrap___aeabi_i2f
 .text.__wrap___aeabi_f2iz
                0x1000a890       0x4e CMakeFiles/vga_invaders.dir/home/spiderman/Downloads/pico/pico-sdk/src/rp2_common/pico_float/float_aeabi.S.obj
                0x1000a890                __wrap___aeabi_f2iz
                0x1000a890                float2int_z
 *fill*         0x1000a8de        0x2 
 .text.float2int
                0x1000a8e0       0x14 CMakeFiles/vga_invaders.dir/home/spiderman/Downloads/pico/pico-sdk/src/rp2_common/pico_float/float_aeabi.S.obj
                0x1000a8e0                float2int
 .text.__wrap___aeabi_f2uiz
                0x1000a8f4        0xc CMakeFiles/vga_invaders.dir/home/spiderman/Downloads/pico/pico-sdk/src/rp2_common/pico_float/float_aeabi.S.obj
                0x1000a8f4                __wrap___aeabi_f2uiz
 .text.__aeabi_float_init
                0x1000a900       0x68 CMakeFiles/vga_invaders.dir/home/spiderman/Downloads/pico/pico-sdk/src/rp2_common/pico_float/float_init_rom.c.obj
                0x1000a900                __aeabi_float_init
 .text.float_table_shim_on_use_helper
                0x1000a968       0x2c CMakeFiles/vga_invaders.dir/home/spiderman/Downloads/pico/pico-sdk/src/rp2_common/pico_float/float_v1_rom_shim.S.obj
                0x1000a968                float_table_shim_on_use_helper
 .text.float232_shims
                0x1000a994       0x18 CMakeFiles/vga_invaders.dir/home/spiderman/Downloads/pico/pico-sdk/src/rp2_common/pico_float/float_v1_rom_shim.S.obj
                0x1000a994                float2int_shim
                0x1000a996                float2fix_shim
 .text.__wrap_free
                0x1000a9ac       0x20 CMakeFiles/vga_invaders.dir/home/spiderman/Downloads/pico/pico-sdk/src/rp2_common/pico_malloc/pico_malloc.c.obj
                0x1000a9ac                __wrap_free
 .text          0x1000a9cc       0x10 CMakeFiles/vga_invaders.dir/home/spiderman/Downloads/pico/pico-sdk/src/rp2_common/pico_mem_ops/mem_ops_aeabi.S.obj
                0x1000a9cc                __aeabi_mem_init
 .text.memset   0x1000a9dc        0xc CMakeFiles/vga_invaders.dir/home/spiderman/Downloads/pico/pico-sdk/src/rp2_common/pico_mem_ops/mem_ops_aeabi.S.obj
                0x1000a9dc                __wrap_memset
 .text.memcpy   0x1000a9e8        0xc CMakeFiles/vga_invaders.dir/home/spiderman/Downloads/pico/pico-sdk/src/rp2_common/pico_mem_ops/mem_ops_aeabi.S.obj
                0x1000a9e8                __wrap___aeabi_memcpy
                0x1000a9e8                __wrap_memcpy
 .text._ZdlPvj  0x1000a9f4        0x8 CMakeFiles/vga_invaders.dir/home/spiderman/Downloads/pico/pico-sdk/src/rp2_common/pico_standard_link/new_delete.cpp.obj
                0x1000a9f4                operator delete(void*, unsigned int)
 .text.stdio_out_chars_no_crlf
                0x1000a9fc       0x10 CMakeFiles/vga_invaders.dir/home/spiderman/Downloads/pico/pico-sdk/src/rp2_common/pico_stdio/stdio.c.obj
 .text.stdio_out_chars_crlf
                0x1000aa0c       0xac CMakeFiles/vga_invaders.dir/home/spiderman/Downloads/pico/pico-sdk/src/rp2_common/pico_stdio/stdio.c.obj
 .text.stdio_stack_buffer_flush.part.1
                0x1000aab8       0xe8 CMakeFiles/vga_invaders.dir/home/spiderman/Downloads/pico/pico-sdk/src/rp2_common/pico_stdio/stdio.c.obj
 .text.stdio_buffered_printer
                0x1000aba0       0x20 CMakeFiles/vga_invaders.dir/home/spiderman/Downloads/pico/pico-sdk/src/rp2_common/pico_stdio/stdio.c.obj
 .text.stdio_put_string
                0x1000abc0      0x104 CMakeFiles/vga_invaders.dir/home/spiderman/Downloads/pico/pico-sdk/src/rp2_common/pico_stdio/stdio.c.obj
 .text.__wrap_putchar
                0x1000acc4       0x98 CMakeFiles/vga_invaders.dir/home/spiderman/Downloads/pico/pico-sdk/src/rp2_common/pico_stdio/stdio.c.obj
                0x1000acc4                __wrap_putchar
 .text.__wrap_puts
                0x1000ad5c       0x3c CMakeFiles/vga_invaders.dir/home/spiderman/Downloads/pico/pico-sdk/src/rp2_common/pico_stdio/stdio.c.obj
                0x1000ad5c                __wrap_puts
 .text.stdio_set_driver_enabled
                0x1000ad98       0x30 CMakeFiles/vga_invaders.dir/home/spiderman/Downloads/pico/pico-sdk/src/rp2_common/pico_stdio/stdio.c.obj
                0x1000ad98                stdio_set_driver_enabled
 .text.__wrap_vprintf
                0x1000adc8       0x90 CMakeFiles/vga_invaders.dir/home/spiderman/Downloads/pico/pico-sdk/src/rp2_common/pico_stdio/stdio.c.obj
                0x1000adc8                __wrap_vprintf
 .text.__wrap_printf
                0x1000ae58       0x18 CMakeFiles/vga_invaders.dir/home/spiderman/Downloads/pico/pico-sdk/src/rp2_common/pico_stdio/stdio.c.obj
                0x1000ae58                __wrap_printf
 .text.stdio_init_all
                0x1000ae70       0x10 CMakeFiles/vga_invaders.dir/home/spiderman/Downloads/pico/pico-sdk/src/rp2_common/pico_stdio/stdio.c.obj
                0x1000ae70                stdio_init_all
 .text.getchar_timeout_us
                0x1000ae80       0x9c CMakeFiles/vga_invaders.dir/home/spiderman/Downloads/pico/pico-sdk/src/rp2_common/pico_stdio/stdio.c.obj
                0x1000ae80                getchar_timeout_us
 .text.stdio_uart_out_chars
                0x1000af1c       0x4c CMakeFiles/vga_invaders.dir/home/spiderman/Downloads/pico/pico-sdk/src/rp2_common/pico_stdio_uart/stdio_uart.c.obj
 .text.stdio_uart_in_chars
                0x1000af68       0x7c CMakeFiles/vga_invaders.dir/home/spiderman/Downloads/pico/pico-sdk/src/rp2_common/pico_stdio_uart/stdio_uart.c.obj
                0x1000af68                stdio_uart_in_chars
 .text.on_uart_rx
                0x1000afe4       0x28 CMakeFiles/vga_invaders.dir/home/spiderman/Downloads/pico/pico-sdk/src/rp2_common/pico_stdio_uart/stdio_uart.c.obj
 .text.stdio_uart_set_chars_available_callback
                0x1000b00c       0x84 CMakeFiles/vga_invaders.dir/home/spiderman/Downloads/pico/pico-sdk/src/rp2_common/pico_stdio_uart/stdio_uart.c.obj
 .text.stdio_uart_init
                0x1000b090       0x48 CMakeFiles/vga_invaders.dir/home/spiderman/Downloads/pico/pico-sdk/src/rp2_common/pico_stdio_uart/stdio_uart.c.obj
                0x1000b090                stdio_uart_init
 .text.resetd_init
                0x1000b0d8        0x4 CMakeFiles/vga_invaders.dir/home/spiderman/Downloads/pico/pico-sdk/src/rp2_common/pico_stdio_usb/reset_interface.c.obj
 .text.resetd_reset
                0x1000b0dc        0xc CMakeFiles/vga_invaders.dir/home/spiderman/Downloads/pico/pico-sdk/src/rp2_common/pico_stdio_usb/reset_interface.c.obj
 .text.resetd_open
                0x1000b0e8       0x28 CMakeFiles/vga_invaders.dir/home/spiderman/Downloads/pico/pico-sdk/src/rp2_common/pico_stdio_usb/reset_interface.c.obj
 .text.resetd_xfer_cb
                0x1000b110        0x4 CMakeFiles/vga_invaders.dir/home/spiderman/Downloads/pico/pico-sdk/src/rp2_common/pico_stdio_usb/reset_interface.c.obj
 .text.resetd_control_xfer_cb
                0x1000b114       0x64 CMakeFiles/vga_invaders.dir/home/spiderman/Downloads/pico/pico-sdk/src/rp2_common/pico_stdio_usb/reset_interface.c.obj
 .text.usbd_app_driver_get_cb
                0x1000b178        0xc CMakeFiles/vga_invaders.dir/home/spiderman/Downloads/pico/pico-sdk/src/rp2_common/pico_stdio_usb/reset_interface.c.obj
                0x1000b178                usbd_app_driver_get_cb
 .text.tud_cdc_line_coding_cb
                0x1000b184       0x34 CMakeFiles/vga_invaders.dir/home/spiderman/Downloads/pico/pico-sdk/src/rp2_common/pico_stdio_usb/reset_interface.c.obj
                0x1000b184                tud_cdc_line_coding_cb
 .text.stdio_usb_set_chars_available_callback
                0x1000b1b8       0x14 CMakeFiles/vga_invaders.dir/home/spiderman/Downloads/pico/pico-sdk/src/rp2_common/pico_stdio_usb/stdio_usb.c.obj
                0x1000b1b8                stdio_usb_set_chars_available_callback
 .text.timer_task
                0x1000b1cc       0x54 CMakeFiles/vga_invaders.dir/home/spiderman/Downloads/pico/pico-sdk/src/rp2_common/pico_stdio_usb/stdio_usb.c.obj
 .text.usb_irq  0x1000b220       0x10 CMakeFiles/vga_invaders.dir/home/spiderman/Downloads/pico/pico-sdk/src/rp2_common/pico_stdio_usb/stdio_usb.c.obj
 .text.stdio_usb_in_chars
                0x1000b230       0x90 CMakeFiles/vga_invaders.dir/home/spiderman/Downloads/pico/pico-sdk/src/rp2_common/pico_stdio_usb/stdio_usb.c.obj
                0x1000b230                stdio_usb_in_chars
 .text.stdio_usb_out_chars
                0x1000b2c0      0x110 CMakeFiles/vga_invaders.dir/home/spiderman/Downloads/pico/pico-sdk/src/rp2_common/pico_stdio_usb/stdio_usb.c.obj
 .text.low_priority_worker_irq
                0x1000b3d0       0xa8 CMakeFiles/vga_invaders.dir/home/spiderman/Downloads/pico/pico-sdk/src/rp2_common/pico_stdio_usb/stdio_usb.c.obj
 .text.tud_cdc_rx_cb
                0x1000b478       0x20 CMakeFiles/vga_invaders.dir/home/spiderman/Downloads/pico/pico-sdk/src/rp2_common/pico_stdio_usb/stdio_usb.c.obj
                0x1000b478                tud_cdc_rx_cb
 .text.stdio_usb_init
                0x1000b498       0xdc CMakeFiles/vga_invaders.dir/home/spiderman/Downloads/pico/pico-sdk/src/rp2_common/pico_stdio_usb/stdio_usb.c.obj
                0x1000b498                stdio_usb_init
 .text.tud_descriptor_device_cb
                0x1000b574        0x8 CMakeFiles/vga_invaders.dir/home/spiderman/Downloads/pico/pico-sdk/src/rp2_common/pico_stdio_usb/stdio_usb_descriptors.c.obj
                0x1000b574                tud_descriptor_device_cb
 .text.tud_descriptor_configuration_cb
                0x1000b57c        0x8 CMakeFiles/vga_invaders.dir/home/spiderman/Downloads/pico/pico-sdk/src/rp2_common/pico_stdio_usb/stdio_usb_descriptors.c.obj
                0x1000b57c                tud_descriptor_configuration_cb
 .text.tud_descriptor_string_cb
                0x1000b584       0x70 CMakeFiles/vga_invaders.dir/home/spiderman/Downloads/pico/pico-sdk/src/rp2_common/pico_stdio_usb/stdio_usb_descriptors.c.obj
                0x1000b584                tud_descriptor_string_cb
 .text.startup._retrieve_unique_id_on_boot
                0x1000b5f4       0x10 CMakeFiles/vga_invaders.dir/home/spiderman/Downloads/pico/pico-sdk/src/rp2_common/pico_unique_id/unique_id.c.obj
 .text.pico_get_unique_board_id_string
                0x1000b604      0x1cc CMakeFiles/vga_invaders.dir/home/spiderman/Downloads/pico/pico-sdk/src/rp2_common/pico_unique_id/unique_id.c.obj
                0x1000b604                pico_get_unique_board_id_string
 .text.flash_get_unique_id
                0x1000b7d0       0x3c CMakeFiles/vga_invaders.dir/home/spiderman/Downloads/pico/pico-sdk/src/rp2_common/hardware_flash/flash.c.obj
                0x1000b7d0                flash_get_unique_id
 .text.dcd_int_enable
                0x1000b80c        0xc CMakeFiles/vga_invaders.dir/home/spiderman/Downloads/pico/pico-sdk/lib/tinyusb/src/portable/raspberrypi/rp2040/dcd_rp2040.c.obj
                0x1000b80c                dcd_int_enable
 .text.dcd_set_address
                0x1000b818       0x14 CMakeFiles/vga_invaders.dir/home/spiderman/Downloads/pico/pico-sdk/lib/tinyusb/src/portable/raspberrypi/rp2040/dcd_rp2040.c.obj
                0x1000b818                dcd_set_address
 .text.dcd_connect
                0x1000b82c       0x10 CMakeFiles/vga_invaders.dir/home/spiderman/Downloads/pico/pico-sdk/lib/tinyusb/src/portable/raspberrypi/rp2040/dcd_rp2040.c.obj
                0x1000b82c                dcd_connect
 .text.dcd_init
                0x1000b83c       0x90 CMakeFiles/vga_invaders.dir/home/spiderman/Downloads/pico/pico-sdk/lib/tinyusb/src/portable/raspberrypi/rp2040/dcd_rp2040.c.obj
                0x1000b83c                dcd_init
 .text.dcd_edpt0_status_complete
                0x1000b8cc       0x1c CMakeFiles/vga_invaders.dir/home/spiderman/Downloads/pico/pico-sdk/lib/tinyusb/src/portable/raspberrypi/rp2040/dcd_rp2040.c.obj
                0x1000b8cc                dcd_edpt0_status_complete
 .text.dcd_edpt_open
                0x1000b8e8      0x10c CMakeFiles/vga_invaders.dir/home/spiderman/Downloads/pico/pico-sdk/lib/tinyusb/src/portable/raspberrypi/rp2040/dcd_rp2040.c.obj
                0x1000b8e8                dcd_edpt_open
 .text.dcd_edpt_close_all
                0x1000b9f4        0x8 CMakeFiles/vga_invaders.dir/home/spiderman/Downloads/pico/pico-sdk/lib/tinyusb/src/portable/raspberrypi/rp2040/dcd_rp2040.c.obj
                0x1000b9f4                dcd_edpt_close_all
 .text.dcd_edpt_xfer
                0x1000b9fc       0x24 CMakeFiles/vga_invaders.dir/home/spiderman/Downloads/pico/pico-sdk/lib/tinyusb/src/portable/raspberrypi/rp2040/dcd_rp2040.c.obj
                0x1000b9fc                dcd_edpt_xfer
 .text.dcd_edpt_stall
                0x1000ba20       0x34 CMakeFiles/vga_invaders.dir/home/spiderman/Downloads/pico/pico-sdk/lib/tinyusb/src/portable/raspberrypi/rp2040/dcd_rp2040.c.obj
                0x1000ba20                dcd_edpt_stall
 .text.dcd_edpt_clear_stall
                0x1000ba54       0x2c CMakeFiles/vga_invaders.dir/home/spiderman/Downloads/pico/pico-sdk/lib/tinyusb/src/portable/raspberrypi/rp2040/dcd_rp2040.c.obj
                0x1000ba54                dcd_edpt_clear_stall
 .text.rp2040_usb_init
                0x1000ba80       0x4c CMakeFiles/vga_invaders.dir/home/spiderman/Downloads/pico/pico-sdk/lib/tinyusb/src/portable/raspberrypi/rp2040/rp2040_usb.c.obj
                0x1000ba80                rp2040_usb_init
 .text.hw_endpoint_xfer_start
                0x1000bacc       0x54 CMakeFiles/vga_invaders.dir/home/spiderman/Downloads/pico/pico-sdk/lib/tinyusb/src/portable/raspberrypi/rp2040/rp2040_usb.c.obj
                0x1000bacc                hw_endpoint_xfer_start
 .text.tud_mounted
                0x1000bb20       0x10 CMakeFiles/vga_invaders.dir/home/spiderman/Downloads/pico/pico-sdk/lib/tinyusb/src/device/usbd.c.obj
                0x1000bb20                tud_mounted
 .text.tud_suspended
                0x1000bb30       0x10 CMakeFiles/vga_invaders.dir/home/spiderman/Downloads/pico/pico-sdk/lib/tinyusb/src/device/usbd.c.obj
                0x1000bb30                tud_suspended
 .text.tud_inited
                0x1000bb40       0x14 CMakeFiles/vga_invaders.dir/home/spiderman/Downloads/pico/pico-sdk/lib/tinyusb/src/device/usbd.c.obj
                0x1000bb40                tud_inited
 .text.tud_init
                0x1000bb54       0xe4 CMakeFiles/vga_invaders.dir/home/spiderman/Downloads/pico/pico-sdk/lib/tinyusb/src/device/usbd.c.obj
                0x1000bb54                tud_init
 .text.tud_task_ext
                0x1000bc38      0x88c CMakeFiles/vga_invaders.dir/home/spiderman/Downloads/pico/pico-sdk/lib/tinyusb/src/device/usbd.c.obj
                0x1000bc38                tud_task_ext
 .text.usbd_open_edpt_pair
                0x1000c4c4       0xbc CMakeFiles/vga_invaders.dir/home/spiderman/Downloads/pico/pico-sdk/lib/tinyusb/src/device/usbd.c.obj
                0x1000c4c4                usbd_open_edpt_pair
 .text.usbd_defer_func
                0x1000c580       0x4c CMakeFiles/vga_invaders.dir/home/spiderman/Downloads/pico/pico-sdk/lib/tinyusb/src/device/usbd.c.obj
                0x1000c580                usbd_defer_func
 .text.usbd_edpt_open
                0x1000c5cc       0x34 CMakeFiles/vga_invaders.dir/home/spiderman/Downloads/pico/pico-sdk/lib/tinyusb/src/device/usbd.c.obj
                0x1000c5cc                usbd_edpt_open
 .text.usbd_edpt_claim
                0x1000c600       0x28 CMakeFiles/vga_invaders.dir/home/spiderman/Downloads/pico/pico-sdk/lib/tinyusb/src/device/usbd.c.obj
                0x1000c600                usbd_edpt_claim
 .text.usbd_edpt_release
                0x1000c628       0x28 CMakeFiles/vga_invaders.dir/home/spiderman/Downloads/pico/pico-sdk/lib/tinyusb/src/device/usbd.c.obj
                0x1000c628                usbd_edpt_release
 .text.usbd_edpt_xfer
                0x1000c650       0x4c CMakeFiles/vga_invaders.dir/home/spiderman/Downloads/pico/pico-sdk/lib/tinyusb/src/device/usbd.c.obj
                0x1000c650                usbd_edpt_xfer
 .text.tud_control_status
                0x1000c69c       0x30 CMakeFiles/vga_invaders.dir/home/spiderman/Downloads/pico/pico-sdk/lib/tinyusb/src/device/usbd_control.c.obj
                0x1000c69c                tud_control_status
 .text.tud_control_xfer
                0x1000c6cc       0xb4 CMakeFiles/vga_invaders.dir/home/spiderman/Downloads/pico/pico-sdk/lib/tinyusb/src/device/usbd_control.c.obj
                0x1000c6cc                tud_control_xfer
 .text.usbd_control_reset
                0x1000c780       0x14 CMakeFiles/vga_invaders.dir/home/spiderman/Downloads/pico/pico-sdk/lib/tinyusb/src/device/usbd_control.c.obj
                0x1000c780                usbd_control_reset
 .text.usbd_control_set_complete_callback
                0x1000c794        0xc CMakeFiles/vga_invaders.dir/home/spiderman/Downloads/pico/pico-sdk/lib/tinyusb/src/device/usbd_control.c.obj
                0x1000c794                usbd_control_set_complete_callback
 .text.usbd_control_set_request
                0x1000c7a0       0x1c CMakeFiles/vga_invaders.dir/home/spiderman/Downloads/pico/pico-sdk/lib/tinyusb/src/device/usbd_control.c.obj
                0x1000c7a0                usbd_control_set_request
 .text.usbd_control_xfer_cb
                0x1000c7bc       0xfc CMakeFiles/vga_invaders.dir/home/spiderman/Downloads/pico/pico-sdk/lib/tinyusb/src/device/usbd_control.c.obj
                0x1000c7bc                usbd_control_xfer_cb
 .text.tud_cdc_n_connected
                0x1000c8b8       0x30 CMakeFiles/vga_invaders.dir/home/spiderman/Downloads/pico/pico-sdk/lib/tinyusb/src/class/cdc/cdc_device.c.obj
                0x1000c8b8                tud_cdc_n_connected
 .text.tud_cdc_n_available
                0x1000c8e8       0x18 CMakeFiles/vga_invaders.dir/home/spiderman/Downloads/pico/pico-sdk/lib/tinyusb/src/class/cdc/cdc_device.c.obj
                0x1000c8e8                tud_cdc_n_available
 .text.tud_cdc_n_read
                0x1000c900       0x70 CMakeFiles/vga_invaders.dir/home/spiderman/Downloads/pico/pico-sdk/lib/tinyusb/src/class/cdc/cdc_device.c.obj
                0x1000c900                tud_cdc_n_read
 .text.tud_cdc_n_write_flush
                0x1000c970       0x78 CMakeFiles/vga_invaders.dir/home/spiderman/Downloads/pico/pico-sdk/lib/tinyusb/src/class/cdc/cdc_device.c.obj
                0x1000c970                tud_cdc_n_write_flush
 .text.tud_cdc_n_write
                0x1000c9e8       0x34 CMakeFiles/vga_invaders.dir/home/spiderman/Downloads/pico/pico-sdk/lib/tinyusb/src/class/cdc/cdc_device.c.obj
                0x1000c9e8                tud_cdc_n_write
 .text.tud_cdc_n_write_available
                0x1000ca1c       0x18 CMakeFiles/vga_invaders.dir/home/spiderman/Downloads/pico/pico-sdk/lib/tinyusb/src/class/cdc/cdc_device.c.obj
                0x1000ca1c                tud_cdc_n_write_available
 .text.cdcd_init
                0x1000ca34       0x7c CMakeFiles/vga_invaders.dir/home/spiderman/Downloads/pico/pico-sdk/lib/tinyusb/src/class/cdc/cdc_device.c.obj
                0x1000ca34                cdcd_init
 .text.cdcd_reset
                0x1000cab0       0x2c CMakeFiles/vga_invaders.dir/home/spiderman/Downloads/pico/pico-sdk/lib/tinyusb/src/class/cdc/cdc_device.c.obj
                0x1000cab0                cdcd_reset
 .text.cdcd_open
                0x1000cadc       0xe8 CMakeFiles/vga_invaders.dir/home/spiderman/Downloads/pico/pico-sdk/lib/tinyusb/src/class/cdc/cdc_device.c.obj
                0x1000cadc                cdcd_open
 .text.cdcd_control_xfer_cb
                0x1000cbc4       0xdc CMakeFiles/vga_invaders.dir/home/spiderman/Downloads/pico/pico-sdk/lib/tinyusb/src/class/cdc/cdc_device.c.obj
                0x1000cbc4                cdcd_control_xfer_cb
 .text.cdcd_xfer_cb
                0x1000cca0      0x19c CMakeFiles/vga_invaders.dir/home/spiderman/Downloads/pico/pico-sdk/lib/tinyusb/src/class/cdc/cdc_device.c.obj
                0x1000cca0                cdcd_xfer_cb
 .text.tusb_init
                0x1000ce3c        0xc CMakeFiles/vga_invaders.dir/home/spiderman/Downloads/pico/pico-sdk/lib/tinyusb/src/tusb.c.obj
                0x1000ce3c                tusb_init
 .text.tusb_inited
                0x1000ce48        0x8 CMakeFiles/vga_invaders.dir/home/spiderman/Downloads/pico/pico-sdk/lib/tinyusb/src/tusb.c.obj
                0x1000ce48                tusb_inited
 .text.tu_edpt_claim
                0x1000ce50       0x4c CMakeFiles/vga_invaders.dir/home/spiderman/Downloads/pico/pico-sdk/lib/tinyusb/src/tusb.c.obj
                0x1000ce50                tu_edpt_claim
 .text.tu_edpt_release
                0x1000ce9c       0x38 CMakeFiles/vga_invaders.dir/home/spiderman/Downloads/pico/pico-sdk/lib/tinyusb/src/tusb.c.obj
                0x1000ce9c                tu_edpt_release
 .text.tu_edpt_validate
                0x1000ced4       0x74 CMakeFiles/vga_invaders.dir/home/spiderman/Downloads/pico/pico-sdk/lib/tinyusb/src/tusb.c.obj
                0x1000ced4                tu_edpt_validate
 .text.tu_edpt_bind_driver
                0x1000cf48       0x34 CMakeFiles/vga_invaders.dir/home/spiderman/Downloads/pico/pico-sdk/lib/tinyusb/src/tusb.c.obj
                0x1000cf48                tu_edpt_bind_driver
 .text.tu_fifo_config
                0x1000cf7c       0x7c CMakeFiles/vga_invaders.dir/home/spiderman/Downloads/pico/pico-sdk/lib/tinyusb/src/common/tusb_fifo.c.obj
                0x1000cf7c                tu_fifo_config
 .text.tu_fifo_count
                0x1000cff8       0x28 CMakeFiles/vga_invaders.dir/home/spiderman/Downloads/pico/pico-sdk/lib/tinyusb/src/common/tusb_fifo.c.obj
                0x1000cff8                tu_fifo_count
 .text.tu_fifo_empty
                0x1000d020       0x10 CMakeFiles/vga_invaders.dir/home/spiderman/Downloads/pico/pico-sdk/lib/tinyusb/src/common/tusb_fifo.c.obj
                0x1000d020                tu_fifo_empty
 .text.tu_fifo_remaining
                0x1000d030       0x28 CMakeFiles/vga_invaders.dir/home/spiderman/Downloads/pico/pico-sdk/lib/tinyusb/src/common/tusb_fifo.c.obj
                0x1000d030                tu_fifo_remaining
 .text.tu_fifo_read
                0x1000d058       0xa4 CMakeFiles/vga_invaders.dir/home/spiderman/Downloads/pico/pico-sdk/lib/tinyusb/src/common/tusb_fifo.c.obj
                0x1000d058                tu_fifo_read
 .text.tu_fifo_read_n
                0x1000d0fc       0xf0 CMakeFiles/vga_invaders.dir/home/spiderman/Downloads/pico/pico-sdk/lib/tinyusb/src/common/tusb_fifo.c.obj
                0x1000d0fc                tu_fifo_read_n
 .text.tu_fifo_write
                0x1000d1ec       0x8c CMakeFiles/vga_invaders.dir/home/spiderman/Downloads/pico/pico-sdk/lib/tinyusb/src/common/tusb_fifo.c.obj
                0x1000d1ec                tu_fifo_write
 .text.tu_fifo_write_n
                0x1000d278      0x160 CMakeFiles/vga_invaders.dir/home/spiderman/Downloads/pico/pico-sdk/lib/tinyusb/src/common/tusb_fifo.c.obj
                0x1000d278                tu_fifo_write_n
 .text.tu_fifo_clear
                0x1000d3d8       0x40 CMakeFiles/vga_invaders.dir/home/spiderman/Downloads/pico/pico-sdk/lib/tinyusb/src/common/tusb_fifo.c.obj
                0x1000d3d8                tu_fifo_clear
 .text.tu_fifo_set_overwritable
                0x1000d418       0x48 CMakeFiles/vga_invaders.dir/home/spiderman/Downloads/pico/pico-sdk/lib/tinyusb/src/common/tusb_fifo.c.obj
                0x1000d418                tu_fifo_set_overwritable
 .text.pio_add_program
                0x1000d460       0xc8 CMakeFiles/vga_invaders.dir/home/spiderman/Downloads/pico/pico-sdk/src/rp2_common/hardware_pio/pio.c.obj
                0x1000d460                pio_add_program
 .text.pio_clear_instruction_memory
                0x1000d528       0x38 CMakeFiles/vga_invaders.dir/home/spiderman/Downloads/pico/pico-sdk/src/rp2_common/hardware_pio/pio.c.obj
                0x1000d528                pio_clear_instruction_memory
 .text.pio_sm_set_consecutive_pindirs
                0x1000d560       0xb0 CMakeFiles/vga_invaders.dir/home/spiderman/Downloads/pico/pico-sdk/src/rp2_common/hardware_pio/pio.c.obj
                0x1000d560                pio_sm_set_consecutive_pindirs
 .text.pio_sm_init
                0x1000d610       0x8c CMakeFiles/vga_invaders.dir/home/spiderman/Downloads/pico/pico-sdk/src/rp2_common/hardware_pio/pio.c.obj
                0x1000d610                pio_sm_init
 .text.core1_trampoline
                0x1000d69c        0x4 CMakeFiles/vga_invaders.dir/home/spiderman/Downloads/pico/pico-sdk/src/rp2_common/pico_multicore/multicore.c.obj
 .text.core1_wrapper
                0x1000d6a0        0xc CMakeFiles/vga_invaders.dir/home/spiderman/Downloads/pico/pico-sdk/src/rp2_common/pico_multicore/multicore.c.obj
                0x1000d6a0                core1_wrapper
 .text.multicore_reset_core1
                0x1000d6ac       0x24 CMakeFiles/vga_invaders.dir/home/spiderman/Downloads/pico/pico-sdk/src/rp2_common/pico_multicore/multicore.c.obj
                0x1000d6ac                multicore_reset_core1
 .text.multicore_launch_core1
                0x1000d6d0       0xc0 CMakeFiles/vga_invaders.dir/home/spiderman/Downloads/pico/pico-sdk/src/rp2_common/pico_multicore/multicore.c.obj
                0x1000d6d0                multicore_launch_core1
 .text          0x1000d790       0x38 /usr/lib/gcc/arm-none-eabi/8.3.1/../../../arm-none-eabi/lib/thumb/v6-m/nofp/libc.a(lib_a-itoa.o)
                0x1000d790                __itoa
                0x1000d7c0                itoa
 .text          0x1000d7c8       0x28 /usr/lib/gcc/arm-none-eabi/8.3.1/../../../arm-none-eabi/lib/thumb/v6-m/nofp/libc.a(lib_a-malloc.o)
                0x1000d7c8                malloc
                0x1000d7dc                free
 .text          0x1000d7f0      0x58c /usr/lib/gcc/arm-none-eabi/8.3.1/../../../arm-none-eabi/lib/thumb/v6-m/nofp/libc.a(lib_a-mallocr.o)
                0x1000d7f0                _malloc_r
 .text          0x1000dd7c        0x8 /usr/lib/gcc/arm-none-eabi/8.3.1/../../../arm-none-eabi/lib/thumb/v6-m/nofp/libc.a(lib_a-mlock.o)
                0x1000dd7c                __malloc_lock
                0x1000dd80                __malloc_unlock
 .text          0x1000dd84       0x24 /usr/lib/gcc/arm-none-eabi/8.3.1/../../../arm-none-eabi/lib/thumb/v6-m/nofp/libc.a(lib_a-sbrkr.o)
                0x1000dd84                _sbrk_r
 .text          0x1000dda8       0x68 /usr/lib/gcc/arm-none-eabi/8.3.1/../../../arm-none-eabi/lib/thumb/v6-m/nofp/libc.a(lib_a-strlen-stub.o)
                0x1000dda8                strlen
 .text          0x1000de10       0x88 /usr/lib/gcc/arm-none-eabi/8.3.1/../../../arm-none-eabi/lib/thumb/v6-m/nofp/libc.a(lib_a-utoa.o)
                0x1000de10                __utoa
                0x1000de90                utoa
 .text          0x1000de98      0x27c /usr/lib/gcc/arm-none-eabi/8.3.1/../../../arm-none-eabi/lib/thumb/v6-m/nofp/libc.a(lib_a-freer.o)
                0x1000de98                _malloc_trim_r
                0x1000df38                _free_r
 *(.fini)
 .fini          0x1000e114        0x4 /usr/lib/gcc/arm-none-eabi/8.3.1/thumb/v6-m/nofp/crti.o
                0x1000e114                _fini
 .fini.__stub   0x1000e118       0xe0 linker stubs
 *crtbegin.o(.ctors)
 *crtbegin?.o(.ctors)
 *(EXCLUDE_FILE(*crtend.o *crtend?.o) .ctors)
 *(SORT_BY_NAME(.ctors.*))
 *(.ctors)
 *crtbegin.o(.dtors)
 *crtbegin?.o(.dtors)
 *(EXCLUDE_FILE(*crtend.o *crtend?.o) .dtors)
 *(SORT_BY_NAME(.dtors.*))
 *(.dtors)
 *(.eh_frame*)
 .eh_frame      0x1000e1f8        0x0 /usr/lib/gcc/arm-none-eabi/8.3.1/thumb/v6-m/nofp/crtbegin.o
                0x1000e1f8                . = ALIGN (0x4)

.glue_7         0x1000e1f8        0x0
 .glue_7        0x1000e1f8        0x0 linker stubs

.glue_7t        0x1000e1f8        0x0
 .glue_7t       0x1000e1f8        0x0 linker stubs

.vfp11_veneer   0x1000e1f8        0x0
 .vfp11_veneer  0x1000e1f8        0x0 linker stubs

.v4_bx          0x1000e1f8        0x0
 .v4_bx         0x1000e1f8        0x0 linker stubs

.iplt           0x1000e1f8        0x0
 .iplt          0x1000e1f8        0x0 /usr/lib/gcc/arm-none-eabi/8.3.1/thumb/v6-m/nofp/crtbegin.o

.rodata         0x1000e1f8   0x1e7600
 *(EXCLUDE_FILE(*libm.a: *libc.a:*lib_a-mem*.o *libgcc.a:) .rodata*)
 .rodata.MajorTomSnd
                0x1000e1f8   0x17fb00 CMakeFiles/vga_invaders.dir/snd/MajorTom.cpp.obj
                0x1000e1f8                MajorTomSnd
 .rodata.Laser  0x1018dcf8     0x1988 CMakeFiles/vga_invaders.dir/snd/Laser.cpp.obj
                0x1018dcf8                Laser
 .rodata.MoveLeft
                0x1018f680     0x13ab CMakeFiles/vga_invaders.dir/snd/MoveLeft.cpp.obj
                0x1018f680                MoveLeft
 *fill*         0x10190a2b        0x1 
 .rodata.MoveRight
                0x10190a2c     0x13ab CMakeFiles/vga_invaders.dir/snd/MoveRight.cpp.obj
                0x10190a2c                MoveRight
 *fill*         0x10191dd7        0x1 
 .rodata.Explosion1
                0x10191dd8     0x3c26 CMakeFiles/vga_invaders.dir/snd/Explosion1.cpp.obj
                0x10191dd8                Explosion1
 *fill*         0x101959fe        0x2 
 .rodata.Explosion2
                0x10195a00    0x1035d CMakeFiles/vga_invaders.dir/snd/Explosion2.cpp.obj
                0x10195a00                Explosion2
 *fill*         0x101a5d5d        0x3 
 .rodata.InvaderShoot
                0x101a5d60     0x2edc CMakeFiles/vga_invaders.dir/snd/InvaderShoot.cpp.obj
                0x101a5d60                InvaderShoot
 .rodata.main   0x101a8c3c       0x14 CMakeFiles/vga_invaders.dir/src/main.cpp.obj
 .rodata._Z12DisplayStatsv.str1.4
                0x101a8c50       0x25 CMakeFiles/vga_invaders.dir/src/main.cpp.obj
 *fill*         0x101a8c75        0x3 
 .rodata._Z13GameOverStartv.str1.4
                0x101a8c78       0x17 CMakeFiles/vga_invaders.dir/src/main.cpp.obj
 *fill*         0x101a8c8f        0x1 
 .rodata._Z14DispMainScreenv.str1.4
                0x101a8c90       0xba CMakeFiles/vga_invaders.dir/src/main.cpp.obj
 *fill*         0x101a8d4a        0x2 
 .rodata._Z8DispHelpv.str1.4
                0x101a8d4c       0x49 CMakeFiles/vga_invaders.dir/src/main.cpp.obj
 *fill*         0x101a8d95        0x3 
 .rodata._Z8ShowHitst.str1.4
                0x101a8d98        0xc CMakeFiles/vga_invaders.dir/src/main.cpp.obj
 .rodata._ZL5Title
                0x101a8da4       0x15 CMakeFiles/vga_invaders.dir/src/main.cpp.obj
 *fill*         0x101a8db9        0x3 
 .rodata._ZL9IntroText
                0x101a8dbc      0x208 CMakeFiles/vga_invaders.dir/src/main.cpp.obj
 .rodata.main.str1.4
                0x101a8fc4      0x106 CMakeFiles/vga_invaders.dir/src/main.cpp.obj
 *fill*         0x101a90ca        0x2 
 .rodata.str1.4
                0x101a90cc       0x82 CMakeFiles/vga_invaders.dir/src/main.cpp.obj
 *fill*         0x101a914e        0x2 
 .rodata.Arecibo_Reply
                0x101a9150      0x6f0 CMakeFiles/vga_invaders.dir/img/Arecibo_Reply.cpp.obj
                0x101a9150                Arecibo_Reply
 .rodata.Block3Img
                0x101a9840    0x23730 CMakeFiles/vga_invaders.dir/img/block3.cpp.obj
                0x101a9840                Block3Img
 .rodata.GameOverImg
                0x101ccf70     0x1d38 CMakeFiles/vga_invaders.dir/img/gameover.cpp.obj
                0x101ccf70                GameOverImg
 .rodata.CloudsImg
                0x101ceca8    0x23730 CMakeFiles/vga_invaders.dir/img/clouds.cpp.obj
                0x101ceca8                CloudsImg
 .rodata.ShooterImg
                0x101f23d8      0x4b0 CMakeFiles/vga_invaders.dir/img/shooter.cpp.obj
                0x101f23d8                ShooterImg
 .rodata.ShooterSmImg
                0x101f2888      0x140 CMakeFiles/vga_invaders.dir/img/shooter-sm.cpp.obj
                0x101f2888                ShooterSmImg
 .rodata.invader1
                0x101f29c8      0x280 CMakeFiles/vga_invaders.dir/img/invader1.cpp.obj
                0x101f29c8                invader1
 .rodata.invader2
                0x101f2c48      0x280 CMakeFiles/vga_invaders.dir/img/invader2.cpp.obj
                0x101f2c48                invader2
 .rodata.invader3
                0x101f2ec8      0x280 CMakeFiles/vga_invaders.dir/img/invader3.cpp.obj
                0x101f2ec8                invader3
 .rodata.invader4
                0x101f3148      0x280 CMakeFiles/vga_invaders.dir/img/invader4.cpp.obj
                0x101f3148                invader4
 .rodata.invader5
                0x101f33c8      0x280 CMakeFiles/vga_invaders.dir/img/invader5.cpp.obj
                0x101f33c8                invader5
 .rodata.Fire1Img
                0x101f3648       0x10 CMakeFiles/vga_invaders.dir/img/fire1.cpp.obj
                0x101f3648                Fire1Img
 .rodata.Fire2Img
                0x101f3658       0x40 CMakeFiles/vga_invaders.dir/img/fire2.cpp.obj
                0x101f3658                Fire2Img
 .rodata        0x101f3698       0x74 CMakeFiles/vga_invaders.dir/__/__/src/vga.cpp.obj
 .rodata._ZL24vga_program_instructions
                0x101f370c       0x1e CMakeFiles/vga_invaders.dir/__/__/src/vga.cpp.obj
 *fill*         0x101f372a        0x2 
 .rodata._Z9LayerSetXhs
                0x101f372c       0x4c CMakeFiles/vga_invaders.dir/__/__/src/vga_layer.cpp.obj
 .rodata.LayerMode
                0x101f3778       0x39 CMakeFiles/vga_invaders.dir/__/__/src/vga_layer.cpp.obj
                0x101f3778                LayerMode
 *fill*         0x101f37b1        0x3 
 .rodata.LayerProg
                0x101f37b4      0x120 CMakeFiles/vga_invaders.dir/__/__/src/vga_layer.cpp.obj
                0x101f37b4                LayerProg
 .rodata._ZL11vga_program
                0x101f38d4        0x6 CMakeFiles/vga_invaders.dir/__/__/src/vga_layer.cpp.obj
 *fill*         0x101f38da        0x2 
 .rodata._ZL16keylayer_program
                0x101f38dc        0x6 CMakeFiles/vga_invaders.dir/__/__/src/vga_layer.cpp.obj
 *fill*         0x101f38e2        0x2 
 .rodata._ZL16rlelayer_program
                0x101f38e4        0x6 CMakeFiles/vga_invaders.dir/__/__/src/vga_layer.cpp.obj
 *fill*         0x101f38ea        0x2 
 .rodata._ZL17monolayer_program
                0x101f38ec        0x6 CMakeFiles/vga_invaders.dir/__/__/src/vga_layer.cpp.obj
 *fill*         0x101f38f2        0x2 
 .rodata._ZL18blacklayer_program
                0x101f38f4        0x6 CMakeFiles/vga_invaders.dir/__/__/src/vga_layer.cpp.obj
 *fill*         0x101f38fa        0x2 
 .rodata._ZL18whitelayer_program
                0x101f38fc        0x6 CMakeFiles/vga_invaders.dir/__/__/src/vga_layer.cpp.obj
 *fill*         0x101f3902        0x2 
 .rodata._ZL24vga_program_instructions
                0x101f3904       0x1e CMakeFiles/vga_invaders.dir/__/__/src/vga_layer.cpp.obj
 *fill*         0x101f3922        0x2 
 .rodata._ZL29keylayer_program_instructions
                0x101f3924       0x1a CMakeFiles/vga_invaders.dir/__/__/src/vga_layer.cpp.obj
 *fill*         0x101f393e        0x2 
 .rodata._ZL29rlelayer_program_instructions
                0x101f3940       0x22 CMakeFiles/vga_invaders.dir/__/__/src/vga_layer.cpp.obj
 *fill*         0x101f3962        0x2 
 .rodata._ZL30monolayer_program_instructions
                0x101f3964       0x20 CMakeFiles/vga_invaders.dir/__/__/src/vga_layer.cpp.obj
 .rodata._ZL31blacklayer_program_instructions
                0x101f3984       0x16 CMakeFiles/vga_invaders.dir/__/__/src/vga_layer.cpp.obj
 *fill*         0x101f399a        0x2 
 .rodata._ZL31whitelayer_program_instructions
                0x101f399c       0x14 CMakeFiles/vga_invaders.dir/__/__/src/vga_layer.cpp.obj
 .rodata.VideoVGA
                0x101f39b0       0x38 CMakeFiles/vga_invaders.dir/__/__/src/vga_vmode.cpp.obj
                0x101f39b0                VideoVGA
 .rodata.str1.4
                0x101f39e8       0x4e CMakeFiles/vga_invaders.dir/__/__/src/vga_vmode.cpp.obj
 *fill*         0x101f3a36        0x2 
 .rodata._Z8DrawRectP7sCanvasiiiih
                0x101f3a38       0x18 CMakeFiles/vga_invaders.dir/__/__/src/util/canvas.cpp.obj
 .rodata._Z7DrawImgP7sCanvasS0_iiiiii
                0x101f3a50       0x18 CMakeFiles/vga_invaders.dir/__/__/src/util/canvas.cpp.obj
 .rodata.FontBold8x8
                0x101f3a68      0x800 CMakeFiles/vga_invaders.dir/__/__/src/font/font_bold_8x8.cpp.obj
                0x101f3a68                FontBold8x8
 .rodata.FontBold8x16
                0x101f4268     0x1000 CMakeFiles/vga_invaders.dir/__/__/src/font/font_bold_8x16.cpp.obj
                0x101f4268                FontBold8x16
 .rodata.spin_lock_claim_unused.str1.4
                0x101f5268       0x1b CMakeFiles/vga_invaders.dir/home/spiderman/Downloads/pico/pico-sdk/src/rp2_common/hardware_sync/sync.c.obj
 *fill*         0x101f5283        0x1 
 .rodata.user_irq_claim_unused.str1.4
                0x101f5284       0x1b CMakeFiles/vga_invaders.dir/home/spiderman/Downloads/pico/pico-sdk/src/rp2_common/hardware_irq/irq.c.obj
 *fill*         0x101f529f        0x1 
 .rodata.hardware_alarm_claim.str1.4
                0x101f52a0       0x22 CMakeFiles/vga_invaders.dir/home/spiderman/Downloads/pico/pico-sdk/src/rp2_common/hardware_timer/timer.c.obj
 *fill*         0x101f52c2        0x2 
 .rodata.hard_assertion_failure.str1.4
                0x101f52c4        0xc CMakeFiles/vga_invaders.dir/home/spiderman/Downloads/pico/pico-sdk/src/rp2_common/pico_runtime/runtime.c.obj
 .rodata.panic.str1.4
                0x101f52d0       0x10 CMakeFiles/vga_invaders.dir/home/spiderman/Downloads/pico/pico-sdk/src/rp2_common/pico_runtime/runtime.c.obj
                                 0x12 (size before relaxing)
 .rodata._vsnprintf
                0x101f52e0      0x1e0 CMakeFiles/vga_invaders.dir/home/spiderman/Downloads/pico/pico-sdk/src/rp2_common/pico_printf/printf.c.obj
 .rodata._ftoa.str1.4
                0x101f54c0       0x15 CMakeFiles/vga_invaders.dir/home/spiderman/Downloads/pico/pico-sdk/src/rp2_common/pico_printf/printf.c.obj
 *fill*         0x101f54d5        0x3 
 .rodata.pow10.5502
                0x101f54d8       0x50 CMakeFiles/vga_invaders.dir/home/spiderman/Downloads/pico/pico-sdk/src/rp2_common/pico_printf/printf.c.obj
 .rodata.__bi_44
                0x101f5528        0xc CMakeFiles/vga_invaders.dir/home/spiderman/Downloads/pico/pico-sdk/src/rp2_common/pico_standard_link/binary_info.c.obj
 .rodata.__bi_75
                0x101f5534        0xc CMakeFiles/vga_invaders.dir/home/spiderman/Downloads/pico/pico-sdk/src/rp2_common/pico_standard_link/binary_info.c.obj
 .rodata.__bi_81
                0x101f5540        0xc CMakeFiles/vga_invaders.dir/home/spiderman/Downloads/pico/pico-sdk/src/rp2_common/pico_standard_link/binary_info.c.obj
 .rodata.str1.4
                0x101f554c       0x44 CMakeFiles/vga_invaders.dir/home/spiderman/Downloads/pico/pico-sdk/src/rp2_common/pico_standard_link/binary_info.c.obj
 .rodata.crlf_str.6288
                0x101f5590        0x2 CMakeFiles/vga_invaders.dir/home/spiderman/Downloads/pico/pico-sdk/src/rp2_common/pico_stdio/stdio.c.obj
 *fill*         0x101f5592        0x2 
 .rodata.__bi_33.4928
                0x101f5594        0xc CMakeFiles/vga_invaders.dir/home/spiderman/Downloads/pico/pico-sdk/src/rp2_common/pico_stdio_uart/stdio_uart.c.obj
 .rodata.__bi_34.4932
                0x101f55a0        0x8 CMakeFiles/vga_invaders.dir/home/spiderman/Downloads/pico/pico-sdk/src/rp2_common/pico_stdio_uart/stdio_uart.c.obj
 .rodata.str1.4
                0x101f55a8       0x2c CMakeFiles/vga_invaders.dir/home/spiderman/Downloads/pico/pico-sdk/src/rp2_common/pico_stdio_uart/stdio_uart.c.obj
 .rodata._resetd_driver
                0x101f55d4       0x18 CMakeFiles/vga_invaders.dir/home/spiderman/Downloads/pico/pico-sdk/src/rp2_common/pico_stdio_usb/reset_interface.c.obj
 .rodata.__bi_188.7707
                0x101f55ec        0xc CMakeFiles/vga_invaders.dir/home/spiderman/Downloads/pico/pico-sdk/src/rp2_common/pico_stdio_usb/stdio_usb.c.obj
 .rodata.str1.4
                0x101f55f8       0x13 CMakeFiles/vga_invaders.dir/home/spiderman/Downloads/pico/pico-sdk/src/rp2_common/pico_stdio_usb/stdio_usb.c.obj
 *fill*         0x101f560b        0x1 
 .rodata.str1.4
                0x101f560c       0x2a CMakeFiles/vga_invaders.dir/home/spiderman/Downloads/pico/pico-sdk/src/rp2_common/pico_stdio_usb/stdio_usb_descriptors.c.obj
 *fill*         0x101f5636        0x2 
 .rodata.usbd_desc_cfg
                0x101f5638       0x54 CMakeFiles/vga_invaders.dir/home/spiderman/Downloads/pico/pico-sdk/src/rp2_common/pico_stdio_usb/stdio_usb_descriptors.c.obj
 .rodata.usbd_desc_device
                0x101f568c       0x12 CMakeFiles/vga_invaders.dir/home/spiderman/Downloads/pico/pico-sdk/src/rp2_common/pico_stdio_usb/stdio_usb_descriptors.c.obj
 *fill*         0x101f569e        0x2 
 .rodata.usbd_desc_str
                0x101f56a0       0x18 CMakeFiles/vga_invaders.dir/home/spiderman/Downloads/pico/pico-sdk/src/rp2_common/pico_stdio_usb/stdio_usb_descriptors.c.obj
 .rodata.str1.4
                0x101f56b8       0x14 CMakeFiles/vga_invaders.dir/home/spiderman/Downloads/pico/pico-sdk/lib/tinyusb/src/portable/raspberrypi/rp2040/dcd_rp2040.c.obj
 .rodata.str1.4
                0x101f56cc       0x49 CMakeFiles/vga_invaders.dir/home/spiderman/Downloads/pico/pico-sdk/lib/tinyusb/src/portable/raspberrypi/rp2040/rp2040_usb.c.obj
                                 0x53 (size before relaxing)
 *fill*         0x101f5715        0x3 
 .rodata.tud_task_ext
                0x101f5718       0x8c CMakeFiles/vga_invaders.dir/home/spiderman/Downloads/pico/pico-sdk/lib/tinyusb/src/device/usbd.c.obj
 .rodata._usbd_driver
                0x101f57a4       0x18 CMakeFiles/vga_invaders.dir/home/spiderman/Downloads/pico/pico-sdk/lib/tinyusb/src/device/usbd.c.obj
 .rodata.pio_add_program.str1.4
                0x101f57bc       0x11 CMakeFiles/vga_invaders.dir/home/spiderman/Downloads/pico/pico-sdk/src/rp2_common/hardware_pio/pio.c.obj
 *fill*         0x101f57cd        0x3 
 .rodata.str1.4
                0x101f57d0       0x25 /usr/lib/gcc/arm-none-eabi/8.3.1/../../../arm-none-eabi/lib/thumb/v6-m/nofp/libc.a(lib_a-utoa.o)
                0x101f57f8                . = ALIGN (0x4)
 *fill*         0x101f57f5        0x3 
 *(SORT_BY_ALIGNMENT(SORT_BY_NAME(.flashdata*)))
                0x101f57f8                . = ALIGN (0x4)

.rel.dyn        0x101f57f8        0x0
 .rel.iplt      0x101f57f8        0x0 /usr/lib/gcc/arm-none-eabi/8.3.1/thumb/v6-m/nofp/crtbegin.o

.ARM.extab
 *(.ARM.extab* .gnu.linkonce.armextab.*)
                0x101f57f8                __exidx_start = .

.ARM.exidx
 *(.ARM.exidx* .gnu.linkonce.armexidx.*)
                0x101f57f8                __exidx_end = .
                0x101f57f8                . = ALIGN (0x4)
                0x101f57f8                __binary_info_start = .

.binary_info    0x101f57f8       0x28
 *(.binary_info.keep.*)
 .binary_info.keep.__bi_ptr22
                0x101f57f8        0x4 CMakeFiles/vga_invaders.dir/home/spiderman/Downloads/pico/pico-sdk/src/rp2_common/pico_standard_link/binary_info.c.obj
 .binary_info.keep.__bi_ptr30
                0x101f57fc        0x4 CMakeFiles/vga_invaders.dir/home/spiderman/Downloads/pico/pico-sdk/src/rp2_common/pico_standard_link/binary_info.c.obj
 .binary_info.keep.__bi_ptr38
                0x101f5800        0x4 CMakeFiles/vga_invaders.dir/home/spiderman/Downloads/pico/pico-sdk/src/rp2_common/pico_standard_link/binary_info.c.obj
 .binary_info.keep.__bi_ptr44
                0x101f5804        0x4 CMakeFiles/vga_invaders.dir/home/spiderman/Downloads/pico/pico-sdk/src/rp2_common/pico_standard_link/binary_info.c.obj
 .binary_info.keep.__bi_ptr50
                0x101f5808        0x4 CMakeFiles/vga_invaders.dir/home/spiderman/Downloads/pico/pico-sdk/src/rp2_common/pico_standard_link/binary_info.c.obj
 .binary_info.keep.__bi_ptr75
                0x101f580c        0x4 CMakeFiles/vga_invaders.dir/home/spiderman/Downloads/pico/pico-sdk/src/rp2_common/pico_standard_link/binary_info.c.obj
 .binary_info.keep.__bi_ptr81
                0x101f5810        0x4 CMakeFiles/vga_invaders.dir/home/spiderman/Downloads/pico/pico-sdk/src/rp2_common/pico_standard_link/binary_info.c.obj
 *(.binary_info.*)
 .binary_info.__bi_ptr33
                0x101f5814        0x4 CMakeFiles/vga_invaders.dir/home/spiderman/Downloads/pico/pico-sdk/src/rp2_common/pico_stdio_uart/stdio_uart.c.obj
 .binary_info.__bi_ptr34
                0x101f5818        0x4 CMakeFiles/vga_invaders.dir/home/spiderman/Downloads/pico/pico-sdk/src/rp2_common/pico_stdio_uart/stdio_uart.c.obj
 .binary_info.__bi_ptr188
                0x101f581c        0x4 CMakeFiles/vga_invaders.dir/home/spiderman/Downloads/pico/pico-sdk/src/rp2_common/pico_stdio_usb/stdio_usb.c.obj
                0x101f5820                __binary_info_end = .
                0x101f5820                . = ALIGN (0x4)
                0x101f5820                __etext = .

.ram_vector_table
                0x20000000       0xc0
 *(.ram_vector_table)
 .ram_vector_table
                0x20000000       0xc0 CMakeFiles/vga_invaders.dir/home/spiderman/Downloads/pico/pico-sdk/src/rp2_common/pico_runtime/runtime.c.obj
                0x20000000                ram_vector_table

.data           0x200000c0     0x3af4 load address 0x101f5820
                0x200000c0                __data_start__ = .
 *(vtable)
 *(.time_critical*)
 .time_critical.Render
                0x200000c0      0x134 CMakeFiles/vga_invaders.dir/__/__/src/render/vga_atext.S.obj
                0x200000c0                RenderAText
 .time_critical.Render
                0x200001f4      0x11c CMakeFiles/vga_invaders.dir/__/__/src/render/vga_attrib8.S.obj
                0x200001f4                RenderAttrib8
 .time_critical.Render
                0x20000310       0x32 CMakeFiles/vga_invaders.dir/__/__/src/render/vga_color.S.obj
                0x20000310                MemSet4
                0x20000310                RenderColor
 *fill*         0x20000342        0x2 
 .time_critical.Render
                0x20000344      0x10c CMakeFiles/vga_invaders.dir/__/__/src/render/vga_ctext.S.obj
                0x20000344                RenderCText
 .time_critical.Render
                0x20000450      0x1b0 CMakeFiles/vga_invaders.dir/__/__/src/render/vga_dtext.S.obj
                0x20000450                RenderDText
 .time_critical.Render
                0x20000600       0x86 CMakeFiles/vga_invaders.dir/__/__/src/render/vga_fastsprite.S.obj
                0x20000600                RenderFastSprite
 *fill*         0x20000686        0x2 
 .time_critical.Render
                0x20000688       0xf4 CMakeFiles/vga_invaders.dir/__/__/src/render/vga_ftext.S.obj
                0x20000688                RenderFText
 .time_critical.Render
                0x2000077c       0xbc CMakeFiles/vga_invaders.dir/__/__/src/render/vga_graph1.S.obj
                0x2000077c                RenderGraph1
 .time_critical.Render
                0x20000838       0x64 CMakeFiles/vga_invaders.dir/__/__/src/render/vga_graph2.S.obj
                0x20000838                RenderGraph2
 .time_critical.Render
                0x2000089c       0x86 CMakeFiles/vga_invaders.dir/__/__/src/render/vga_graph4.S.obj
                0x2000089c                RenderGraph4
 .time_critical.Render
                0x20000922       0x38 CMakeFiles/vga_invaders.dir/__/__/src/render/vga_graph8.S.obj
                0x20000922                RenderGrad1
                0x20000924                RenderGrad2
                0x20000928                RenderGraph8
 *fill*         0x2000095a        0x2 
 .time_critical.Render
                0x2000095c       0xd4 CMakeFiles/vga_invaders.dir/__/__/src/render/vga_graph8mat.S.obj
                0x2000095c                RenderGraph8Mat
 .time_critical.Render
                0x20000a30       0xfc CMakeFiles/vga_invaders.dir/__/__/src/render/vga_graph8persp.S.obj
                0x20000a30                RenderGraph8Persp
 .time_critical.Render
                0x20000b2c       0xf8 CMakeFiles/vga_invaders.dir/__/__/src/render/vga_gtext.S.obj
                0x20000b2c                RenderGText
 .time_critical.Render
                0x20000c24      0x170 CMakeFiles/vga_invaders.dir/__/__/src/render/vga_level.S.obj
                0x20000c24                RenderLevel
 .time_critical.Render
                0x20000d94       0xe8 CMakeFiles/vga_invaders.dir/__/__/src/render/vga_levelgrad.S.obj
                0x20000d94                RenderLevelGrad
 .time_critical.Render
                0x20000e7c       0xdc CMakeFiles/vga_invaders.dir/__/__/src/render/vga_mtext.S.obj
                0x20000e7c                RenderMText
 .time_critical.Render
                0x20000f58      0x100 CMakeFiles/vga_invaders.dir/__/__/src/render/vga_oscil.S.obj
                0x20000f58                RenderOscil
 .time_critical.Render
                0x20001058       0x78 CMakeFiles/vga_invaders.dir/__/__/src/render/vga_oscline.S.obj
                0x20001058                RenderOscLine
 .time_critical.Render
                0x200010d0      0x114 CMakeFiles/vga_invaders.dir/__/__/src/render/vga_persp.S.obj
                0x200010d0                RenderPersp
 .time_critical.Render
                0x200011e4      0x100 CMakeFiles/vga_invaders.dir/__/__/src/render/vga_persp2.S.obj
                0x200011e4                RenderPersp2
 .time_critical.Render
                0x200012e4       0xb4 CMakeFiles/vga_invaders.dir/__/__/src/render/vga_plane2.S.obj
                0x200012e4                RenderPlane2
 .time_critical.Render
                0x20001398       0x4c CMakeFiles/vga_invaders.dir/__/__/src/render/vga_progress.S.obj
                0x20001398                RenderProgress
 .time_critical.Render
                0x200013e4       0x58 CMakeFiles/vga_invaders.dir/__/__/src/render/vga_sprite.S.obj
                0x200013e4                RenderSprite
 .time_critical.Render
                0x2000143c       0xc8 CMakeFiles/vga_invaders.dir/__/__/src/render/vga_tile.S.obj
                0x2000143c                RenderTile
 .time_critical.Render
                0x20001504       0xbc CMakeFiles/vga_invaders.dir/__/__/src/render/vga_tile2.S.obj
                0x20001504                RenderTile2
 .time_critical.Render
                0x200015c0      0x184 CMakeFiles/vga_invaders.dir/__/__/src/render/vga_tilepersp.S.obj
                0x200015c0                RenderTilePersp
 .time_critical.Render
                0x20001744      0x170 CMakeFiles/vga_invaders.dir/__/__/src/render/vga_tilepersp15.S.obj
                0x20001744                RenderTilePersp15
 .time_critical.Render
                0x200018b4      0x14c CMakeFiles/vga_invaders.dir/__/__/src/render/vga_tilepersp2.S.obj
                0x200018b4                RenderTilePersp2
 .time_critical.Render
                0x20001a00      0x134 CMakeFiles/vga_invaders.dir/__/__/src/render/vga_tilepersp3.S.obj
                0x20001a00                RenderTilePersp3
 .time_critical.Render
                0x20001b34      0x124 CMakeFiles/vga_invaders.dir/__/__/src/render/vga_tilepersp4.S.obj
                0x20001b34                RenderTilePersp4
 .time_critical.BlitKey
                0x20001c58       0x64 CMakeFiles/vga_invaders.dir/__/__/src/vga_blitkey.S.obj
                0x20001c58                BlitKey
 .time_critical.Render
                0x20001cbc      0x14c CMakeFiles/vga_invaders.dir/__/__/src/vga_render.S.obj
                0x20001cbc                Render
 .time_critical.VgaBufProcess
                0x20001e08      0x27c CMakeFiles/vga_invaders.dir/__/__/src/vga.cpp.obj
                0x20001e08                VgaBufProcess()
 .time_critical.VgaBufRender
                0x20002084      0x284 CMakeFiles/vga_invaders.dir/__/__/src/vga.cpp.obj
                0x20002084                VgaBufRender(unsigned long*, unsigned long*, unsigned char*, int)
 .time_critical.VgaLine
                0x20002308      0x114 CMakeFiles/vga_invaders.dir/__/__/src/vga.cpp.obj